python : WARNING: Using 
incubator modules: 
jdk.incubator.vector
At line:1 char:1
+ python spark_processing/s
park_streaming_processor.py
 > spark_metrics_ ...
+ ~~~~~~~~~~~~~~~~~~~~~~~~~
~~~~~~~~~~~~~~~~~~~~~~~~~~~
~~~~~~~~~~~~~~~~~
    + CategoryInfo         
     : NotSpecified: (WAR  
  NING: Using ...ncubato   
 r.vector:String) [], R    
emoteException
    + FullyQualifiedErrorI 
   d : NativeCommandError
 
:: loading settings :: url 
= jar:file:/C:/Users/rohan/
AppData/Roaming/Python/Pyth
on314/site-packages/pyspark
/jars/ivy-2.5.3.jar!/org/ap
ache/ivy/core/settings/ivys
ettings.xml
Ivy Default Cache set to: C
:\Users\rohan\.ivy2.5.2\cac
he
The jars for the packages 
stored in: C:\Users\rohan\.
ivy2.5.2\jars
org.apache.spark#spark-sql-
kafka-0-10_2.13 added as a 
dependency
:: resolving dependencies 
:: org.apache.spark#spark-s
ubmit-parent-4f9f10ee-7f71-
44b6-8d63-6cf93b7146c3;1.0
	confs: [default]
	found org.apache.spark#spa
rk-sql-kafka-0-10_2.13;4.1.
1 in central
	found org.apache.spark#spa
rk-token-provider-kafka-0-1
0_2.13;4.1.1 in central
	found org.apache.kafka#kaf
ka-clients;3.9.1 in central
	found 
org.lz4#lz4-java;1.8.0 in 
central
	found org.xerial.snappy#sn
appy-java;1.1.10.8 in 
central
	found 
org.slf4j#slf4j-api;2.0.17 
in central
	found org.apache.hadoop#ha
doop-client-runtime;3.4.2 
in central
	found org.apache.hadoop#ha
doop-client-api;3.4.2 in 
central
	found com.google.code.find
bugs#jsr305;3.0.0 in 
central
	found org.scala-lang.modul
es#scala-parallel-collectio
ns_2.13;1.2.0 in central
	found org.apache.commons#c
ommons-pool2;2.12.1 in 
central
:: resolution report :: 
resolve 732ms :: artifacts 
dl 39ms
	:: modules in use:
	com.google.code.findbugs#j
sr305;3.0.0 from central 
in [default]
	org.apache.commons#commons
-pool2;2.12.1 from central 
in [default]
	org.apache.hadoop#hadoop-c
lient-api;3.4.2 from 
central in [default]
	org.apache.hadoop#hadoop-c
lient-runtime;3.4.2 from 
central in [default]
	org.apache.kafka#kafka-cli
ents;3.9.1 from central in 
[default]
	org.apache.spark#spark-sql
-kafka-0-10_2.13;4.1.1 
from central in [default]
	org.apache.spark#spark-tok
en-provider-kafka-0-10_2.13
;4.1.1 from central in 
[default]
	org.lz4#lz4-java;1.8.0 
from central in [default]
	org.scala-lang.modules#sca
la-parallel-collections_2.1
3;1.2.0 from central in 
[default]
	
org.slf4j#slf4j-api;2.0.17 
from central in [default]
	org.xerial.snappy#snappy-j
ava;1.1.10.8 from central 
in [default]
	--------------------------
---------------------------
----------------
	|                  |      
      modules            
||   artifacts   |
	|       conf       | 
number| 
search|dwnlded|evicted|| 
number|dwnlded|
	--------------------------
---------------------------
----------------
	|      default     |   11 
 |   0   |   0   |   0   
||   11  |   0   |
	--------------------------
---------------------------
----------------
:: retrieving :: org.apache
.spark#spark-submit-parent-
4f9f10ee-7f71-44b6-8d63-6cf
93b7146c3
	confs: [default]
	0 artifacts copied, 11 
already retrieved 
(0kB/19ms)
Using Spark's default 
log4j profile: org/apache/s
park/log4j2-defaults.proper
ties
Setting default log level 
to "WARN".
To adjust logging level 
use 
sc.setLogLevel(newLevel). 
For SparkR, use 
setLogLevel(newLevel).
26/03/09 14:09:01 WARN 
Utils: Service 'SparkUI' 
could not bind on port 
4040. Attempting port 4041.
26/03/09 14:09:01 WARN 
Utils: Service 'SparkUI' 
could not bind on port 
4041. Attempting port 4042.
