python : WARNING: 
Using incubator 
modules: 
jdk.incubator.vector
At line:1 char:1
+ python spark_processi
ng/spark_streaming_proc
essor.py > 
spark_metrics_ ...
+ ~~~~~~~~~~~~~~~~~~~~~
~~~~~~~~~~~~~~~~~~~~~~~
~~~~~~~~~~~~~~~~~~~~~~~
~~
    + CategoryInfo     
         : 
NotSpecified: (WAR    
NING: Using ...ncubato 
   r.vector:String) 
[], R    emoteException
    + 
FullyQualifiedErrorI   
 d : NativeCommandError
 
:: loading settings :: 
url = jar:file:/C:/User
s/rohan/AppData/Roaming
/Python/Python314/site-
packages/pyspark/jars/i
vy-2.5.3.jar!/org/apach
e/ivy/core/settings/ivy
settings.xml
Ivy Default Cache set 
to: C:\Users\rohan\.ivy
2.5.2\cache
The jars for the 
packages stored in: C:\
Users\rohan\.ivy2.5.2\j
ars
org.apache.spark#spark-
sql-kafka-0-10_2.13 
added as a dependency
:: resolving 
dependencies :: org.apa
che.spark#spark-submit-
parent-c74758f0-f82e-43
dc-b392-2ef83e83b87a;1.
0
	confs: [default]
	found org.apache.spark
#spark-sql-kafka-0-10_2
.13;4.1.1 in central
	found org.apache.spark
#spark-token-provider-k
afka-0-10_2.13;4.1.1 
in central
	found org.apache.kafka
#kafka-clients;3.9.1 
in central
	found 
org.lz4#lz4-java;1.8.0 
in central
	found org.xerial.snapp
y#snappy-java;1.1.10.8 
in central
	found org.slf4j#slf4j-
api;2.0.17 in central
	found org.apache.hadoo
p#hadoop-client-runtime
;3.4.2 in central
	found org.apache.hadoo
p#hadoop-client-api;3.4
.2 in central
	found com.google.code.
findbugs#jsr305;3.0.0 
in central
	found org.scala-lang.m
odules#scala-parallel-c
ollections_2.13;1.2.0 
in central
	found org.apache.commo
ns#commons-pool2;2.12.1
 in central
:: resolution report 
:: resolve 557ms :: 
artifacts dl 24ms
	:: modules in use:
	com.google.code.findbu
gs#jsr305;3.0.0 from 
central in [default]
	org.apache.commons#com
mons-pool2;2.12.1 from 
central in [default]
	org.apache.hadoop#hado
op-client-api;3.4.2 
from central in 
[default]
	org.apache.hadoop#hado
op-client-runtime;3.4.2
 from central in 
[default]
	org.apache.kafka#kafka
-clients;3.9.1 from 
central in [default]
	org.apache.spark#spark
-sql-kafka-0-10_2.13;4.
1.1 from central in 
[default]
	org.apache.spark#spark
-token-provider-kafka-0
-10_2.13;4.1.1 from 
central in [default]
	
org.lz4#lz4-java;1.8.0 
from central in 
[default]
	org.scala-lang.modules
#scala-parallel-collect
ions_2.13;1.2.0 from 
central in [default]
	org.slf4j#slf4j-api;2.
0.17 from central in 
[default]
	org.xerial.snappy#snap
py-java;1.1.10.8 from 
central in [default]
	----------------------
-----------------------
-----------------------
-
	|                  |  
          modules      
      ||   artifacts   
|
	|       conf       | 
number| search|dwnlded|
evicted|| 
number|dwnlded|
	----------------------
-----------------------
-----------------------
-
	|      default     |  
 11  |   0   |   0   | 
  0   ||   11  |   0   
|
	----------------------
-----------------------
-----------------------
-
:: retrieving :: org.ap
ache.spark#spark-submit
-parent-c74758f0-f82e-4
3dc-b392-2ef83e83b87a
	confs: [default]
	0 artifacts copied, 
11 already retrieved 
(0kB/12ms)
Using Spark's default 
log4j profile: org/apac
he/spark/log4j2-default
s.properties
Setting default log 
level to "WARN".
To adjust logging 
level use sc.setLogLeve
l(newLevel). For 
SparkR, use 
setLogLevel(newLevel).
26/03/09 13:55:50 WARN 
Utils: Service 
'SparkUI' could not 
bind on port 4040. 
Attempting port 4041.
26/03/09 13:56:00 
ERROR 
MicroBatchExecution: 
Query [id = 65d35dd6-05
59-40c4-bdf2-0a06f1e36d
1f, runId = eefcd960-5c
52-4383-b987-c478b60ef2
80] terminated with 
error
java.lang.AssertionErro
r: assertion failed: 
There are [1] sources 
in the checkpoint 
offsets and now there 
are [2] sources 
requested by the 
query. Cannot continue.
	at scala.Predef$.asser
t(Predef.scala:279)
	at org.apache.spark.sq
l.execution.streaming.c
heckpointing.OffsetSeq.
toStreamProgress(Offset
Seq.scala:55)
	at org.apache.spark.sq
l.execution.streaming.r
untime.AcceptsLatestSee
nOffsetHandler$.$anonfu
n$setLatestSeenOffsetOn
Sources$1(AcceptsLatest
SeenOffsetHandler.scala
:34)
	at scala.Option.map(Op
tion.scala:242)
	at org.apache.spark.sq
l.execution.streaming.r
untime.AcceptsLatestSee
nOffsetHandler$.setLate
stSeenOffsetOnSources(A
cceptsLatestSeenOffsetH
andler.scala:34)
	at org.apache.spark.sq
l.execution.streaming.r
untime.MicroBatchExecut
ion.initializeExecution
(MicroBatchExecution.sc
ala:402)
	at org.apache.spark.sq
l.execution.streaming.r
untime.MicroBatchExecut
ion.runActivatedStream(
MicroBatchExecution.sca
la:455)
	at org.apache.spark.sq
l.execution.streaming.r
untime.StreamExecution.
$anonfun$runStream$1(St
reamExecution.scala:347
)
	at scala.runtime.java8
.JFunction0$mcV$sp.appl
y(JFunction0$mcV$sp.sca
la:18)
	at org.apache.spark.sq
l.SparkSession.withActi
ve(SparkSession.scala:8
04)
	at org.apache.spark.sq
l.execution.streaming.r
untime.StreamExecution.
org$apache$spark$sql$ex
ecution$streaming$runti
me$StreamExecution$$run
Stream(StreamExecution.
scala:307)
	at org.apache.spark.sq
l.execution.streaming.r
untime.StreamExecution$
$anon$1.run(StreamExecu
tion.scala:230)
Streaming processor started. Monitoring Kafka topics: inventory_updates,sales_updates,shipment_updates
Outputting results to dataset/live_supply_chain.csv
Traceback (most recent 
call last):
  File "C:\Users\rohan\
Desktop\AI-Supply-Chain
-Control-Tower\spark_pr
ocessing\spark_streamin
g_processor.py", line 
133, in <module>
    main()
    ~~~~^^
  File "C:\Users\rohan\
Desktop\AI-Supply-Chain
-Control-Tower\spark_pr
ocessing\spark_streamin
g_processor.py", line 
128, in main
    query.awaitTerminat
ion()
    ~~~~~~~~~~~~~~~~~~~
~~~^^
  File "C:\Users\rohan\
AppData\Roaming\Python\
Python314\site-packages
\pyspark\sql\streaming\
query.py", line 225, 
in awaitTermination
    return self._jsq.aw
aitTermination()
           ~~~~~~~~~~~~
~~~~~~~~~~~~~~^^
  File "C:\Users\rohan\
AppData\Roaming\Python\
Python314\site-packages
\py4j\java_gateway.py",
 line 1362, in __call__
    return_value = 
get_return_value(
        answer, 
self.gateway_client, 
self.target_id, 
self.name)
  File "C:\Users\rohan\
AppData\Roaming\Python\
Python314\site-packages
\pyspark\errors\excepti
ons\captured.py", line 
269, in deco
    raise converted 
from None
pyspark.errors.exceptio
ns.captured.StreamingQu
eryException: 
[STREAM_FAILED] Query 
[id = 65d35dd6-0559-40c
4-bdf2-0a06f1e36d1f, 
runId = eefcd960-5c52-4
383-b987-c478b60ef280] 
terminated with 
exception: assertion 
failed: There are [1] 
sources in the 
checkpoint offsets and 
now there are [2] 
sources requested by 
the query. Cannot 
continue. SQLSTATE: 
XXKST
=== Streaming Query ===
Identifier: [id = 65d35
dd6-0559-40c4-bdf2-0a06
f1e36d1f, runId = eefcd
960-5c52-4383-b987-c478
b60ef280]
Current Committed 
Offsets: {}
Current Available 
Offsets: {}

Current State: ACTIVE
Thread State: RUNNABLE

Logical Plan:
~WriteToMicroBatchDataS
ourceV1 
ForeachBatchSink, 65d35
dd6-0559-40c4-bdf2-0a06
f1e36d1f, [checkpointLo
cation=dataset/stream_c
heckpoints], Append
+- ~Project 
[product_id#22, 
daily_sales#23, 
current_stock#19, 
timestamp#24-T600000ms 
AS event_time#25-T60000
0ms, (daily_sales#23 / 
current_stock#19) AS 
stock_turnover#26, 
(current_stock#19 / 
daily_sales#23) AS 
inventory_days#27, 
(daily_sales#23 > 
cast(500 as double)) 
AS demand_spike#28]
   +- ~Join Inner, 
(((product_id#22 = 
product_id#17) AND (tim
estamp#24-T600000ms >= 
cast(timestamp#20-T6000
00ms - INTERVAL '01' 
HOUR as timestamp))) 
AND (timestamp#24-T6000
00ms <= cast(timestamp#
20-T600000ms + 
INTERVAL '01' HOUR as 
timestamp)))
      :- 
~SubqueryAlias sales
      :  +- 
~EventTimeWatermark 7b7
6f021-3304-4682-b328-2f
14d83ae825, 
timestamp#24: 
timestamp, 10 minutes
      :     +- 
~Project 
[data#21.product_id AS 
product_id#22, 
data#21.daily_sales AS 
daily_sales#23, 
data#21.timestamp AS 
timestamp#24]
      :        +- 
~Project [from_json(Str
uctField(product_id,Str
ingType,true), StructFi
eld(daily_sales,DoubleT
ype,true), StructField(
timestamp,TimestampType
,true), value#15, 
Some(Asia/Calcutta), 
false) AS data#21, 
kafka_ts#14]
      :           +- 
~Filter (topic#9 = 
sales_updates)
      :              
+- ~Project 
[cast(value#8 as 
string) AS value#15, 
topic#9, timestamp#12 
AS kafka_ts#14]
      :                
 +- ~StreamingDataSourc
eV2ScanRelation[key#7, 
value#8, topic#9, 
partition#10, 
offset#11L, 
timestamp#12, 
timestampType#13] 
KafkaTable
      +- 
~SubqueryAlias inv
         +- 
~EventTimeWatermark 1b4
1fd8e-5e27-45b3-88e5-2d
63fa114f3b, 
timestamp#20: 
timestamp, 10 minutes
            +- 
~Project 
[data#16.product_id AS 
product_id#17, 
data#16.warehouse_id 
AS warehouse_id#18, 
data#16.current_stock 
AS current_stock#19, 
data#16.timestamp AS 
timestamp#20]
               +- 
~Project [from_json(Str
uctField(product_id,Str
ingType,true), StructFi
eld(warehouse_id,String
Type,true), StructField
(current_stock,DoubleTy
pe,true), StructField(t
imestamp,TimestampType,
true), value#15, 
Some(Asia/Calcutta), 
false) AS data#16, 
kafka_ts#14]
                  +- 
~Filter (topic#9 = 
inventory_updates)
                     
+- ~Project 
[cast(value#8 as 
string) AS value#15, 
topic#9, timestamp#12 
AS kafka_ts#14]
                       
 +- ~StreamingDataSourc
eV2ScanRelation[key#7, 
value#8, topic#9, 
partition#10, 
offset#11L, 
timestamp#12, 
timestampType#13] 
KafkaTable

SUCCESS: The process with PID 26892 (child process of PID 14396) has been terminated.
SUCCESS: The process with PID 14396 (child process of PID 29500) has been terminated.
SUCCESS: The process with PID 29500 (child process of PID 28716) has been terminated.
