python : WARNING: Using 
incubator modules: 
jdk.incubator.vector
At line:1 char:1
+ python spark_processing/s
park_streaming_processor.py
 > spark_debug_5. ...
+ ~~~~~~~~~~~~~~~~~~~~~~~~~
~~~~~~~~~~~~~~~~~~~~~~~~~~~
~~~~~~~~~~~~~~~~~
    + CategoryInfo         
     : NotSpecified: (WAR  
  NING: Using ...ncubato   
 r.vector:String) [], R    
emoteException
    + FullyQualifiedErrorI 
   d : NativeCommandError
 
26/03/08 23:36:12 WARN 
NativeCodeLoader: Unable 
to load native-hadoop 
library for your 
platform... using 
builtin-java classes where 
applicable
Using Spark's default 
log4j profile: org/apache/s
park/log4j2-defaults.proper
ties
Setting default log level 
to "WARN".
To adjust logging level 
use 
sc.setLogLevel(newLevel). 
For SparkR, use 
setLogLevel(newLevel).
26/03/08 23:36:31 ERROR 
Inbox: Ignoring error
java.lang.NullPointerExcept
ion: Cannot invoke "org.apa
che.spark.storage.BlockMana
gerId.executorId()" 
because 
"idWithoutTopologyInfo" is 
null
	at org.apache.spark.storag
e.BlockManagerMasterEndpoin
t.org$apache$spark$storage$
BlockManagerMasterEndpoint$
$register(BlockManagerMaste
rEndpoint.scala:696)
	at org.apache.spark.storag
e.BlockManagerMasterEndpoin
t$$anonfun$receiveAndReply$
1.applyOrElse(BlockManagerM
asterEndpoint.scala:141)
	at org.apache.spark.rpc.ne
tty.Inbox.$anonfun$process$
1(Inbox.scala:104)
	at org.apache.spark.rpc.ne
tty.Inbox.safelyCall(Inbox.
scala:216)
	at org.apache.spark.rpc.ne
tty.Inbox.process(Inbox.sca
la:101)
	at org.apache.spark.rpc.ne
tty.MessageLoop.org$apache$
spark$rpc$netty$MessageLoop
$$receiveLoop(MessageLoop.s
cala:76)
	at org.apache.spark.rpc.ne
tty.MessageLoop$$anon$1.run
(MessageLoop.scala:42)
	at java.base/java.util.con
current.ThreadPoolExecutor.
runWorker(ThreadPoolExecuto
r.java:1136)
	at java.base/java.util.con
current.ThreadPoolExecutor$
Worker.run(ThreadPoolExecut
or.java:635)
	at java.base/java.lang.Thr
ead.run(Thread.java:840)
26/03/08 23:36:31 WARN 
Executor: Issue 
communicating with driver 
in heartbeater
org.apache.spark.SparkExcep
tion: Exception thrown in 
awaitResult: 
	at org.apache.spark.util.S
parkThreadUtils$.awaitResul
t(SparkThreadUtils.scala:53
)
	at org.apache.spark.util.T
hreadUtils$.awaitResult(Thr
eadUtils.scala:359)
	at org.apache.spark.rpc.Rp
cTimeout.awaitResult(RpcTim
eout.scala:75)
	at org.apache.spark.rpc.Rp
cEndpointRef.askSync(RpcEnd
pointRef.scala:101)
	at org.apache.spark.rpc.Rp
cEndpointRef.askSync(RpcEnd
pointRef.scala:85)
	at org.apache.spark.storag
e.BlockManagerMaster.regist
erBlockManager(BlockManager
Master.scala:81)
	at org.apache.spark.storag
e.BlockManager.reregister(B
lockManager.scala:674)
	at org.apache.spark.execut
or.Executor.reportHeartBeat
(Executor.scala:1363)
	at org.apache.spark.execut
or.Executor.$anonfun$heartb
eater$1(Executor.scala:356)
	at scala.runtime.java8.JFu
nction0$mcV$sp.apply(JFunct
ion0$mcV$sp.scala:18)
	at org.apache.spark.util.U
tils$.logUncaughtExceptions
(Utils.scala:1941)
	at org.apache.spark.Heartb
eater$$anon$1.run(Heartbeat
er.scala:46)
	at java.base/java.util.con
current.Executors$RunnableA
dapter.call(Executors.java:
539)
	at java.base/java.util.con
current.FutureTask.runAndRe
set(FutureTask.java:305)
	at java.base/java.util.con
current.ScheduledThreadPool
Executor$ScheduledFutureTas
k.run(ScheduledThreadPoolEx
ecutor.java:305)
	at java.base/java.util.con
current.ThreadPoolExecutor.
runWorker(ThreadPoolExecuto
r.java:1136)
	at java.base/java.util.con
current.ThreadPoolExecutor$
Worker.run(ThreadPoolExecut
or.java:635)
	at java.base/java.lang.Thr
ead.run(Thread.java:840)
Caused by: java.lang.NullPo
interException: Cannot 
invoke "org.apache.spark.st
orage.BlockManagerId.execut
orId()" because 
"idWithoutTopologyInfo" is 
null
	at org.apache.spark.storag
e.BlockManagerMasterEndpoin
t.org$apache$spark$storage$
BlockManagerMasterEndpoint$
$register(BlockManagerMaste
rEndpoint.scala:696)
	at org.apache.spark.storag
e.BlockManagerMasterEndpoin
t$$anonfun$receiveAndReply$
1.applyOrElse(BlockManagerM
asterEndpoint.scala:141)
	at org.apache.spark.rpc.ne
tty.Inbox.$anonfun$process$
1(Inbox.scala:104)
	at org.apache.spark.rpc.ne
tty.Inbox.safelyCall(Inbox.
scala:216)
	at org.apache.spark.rpc.ne
tty.Inbox.process(Inbox.sca
la:101)
	at org.apache.spark.rpc.ne
tty.MessageLoop.org$apache$
spark$rpc$netty$MessageLoop
$$receiveLoop(MessageLoop.s
cala:76)
	at org.apache.spark.rpc.ne
tty.MessageLoop$$anon$1.run
(MessageLoop.scala:42)
	... 3 more
26/03/08 23:36:41 ERROR 
Inbox: Ignoring error
java.lang.NullPointerExcept
ion: Cannot invoke "org.apa
che.spark.storage.BlockMana
gerId.executorId()" 
because 
"idWithoutTopologyInfo" is 
null
	at org.apache.spark.storag
e.BlockManagerMasterEndpoin
t.org$apache$spark$storage$
BlockManagerMasterEndpoint$
$register(BlockManagerMaste
rEndpoint.scala:696)
	at org.apache.spark.storag
e.BlockManagerMasterEndpoin
t$$anonfun$receiveAndReply$
1.applyOrElse(BlockManagerM
asterEndpoint.scala:141)
	at org.apache.spark.rpc.ne
tty.Inbox.$anonfun$process$
1(Inbox.scala:104)
	at org.apache.spark.rpc.ne
tty.Inbox.safelyCall(Inbox.
scala:216)
	at org.apache.spark.rpc.ne
tty.Inbox.process(Inbox.sca
la:101)
	at org.apache.spark.rpc.ne
tty.MessageLoop.org$apache$
spark$rpc$netty$MessageLoop
$$receiveLoop(MessageLoop.s
cala:76)
	at org.apache.spark.rpc.ne
tty.MessageLoop$$anon$1.run
(MessageLoop.scala:42)
	at java.base/java.util.con
current.ThreadPoolExecutor.
runWorker(ThreadPoolExecuto
r.java:1136)
	at java.base/java.util.con
current.ThreadPoolExecutor$
Worker.run(ThreadPoolExecut
or.java:635)
	at java.base/java.lang.Thr
ead.run(Thread.java:840)
26/03/08 23:36:41 WARN 
Executor: Issue 
communicating with driver 
in heartbeater
org.apache.spark.SparkExcep
tion: Exception thrown in 
awaitResult: 
	at org.apache.spark.util.S
parkThreadUtils$.awaitResul
t(SparkThreadUtils.scala:53
)
	at org.apache.spark.util.T
hreadUtils$.awaitResult(Thr
eadUtils.scala:359)
	at org.apache.spark.rpc.Rp
cTimeout.awaitResult(RpcTim
eout.scala:75)
	at org.apache.spark.rpc.Rp
cEndpointRef.askSync(RpcEnd
pointRef.scala:101)
	at org.apache.spark.rpc.Rp
cEndpointRef.askSync(RpcEnd
pointRef.scala:85)
	at org.apache.spark.storag
e.BlockManagerMaster.regist
erBlockManager(BlockManager
Master.scala:81)
	at org.apache.spark.storag
e.BlockManager.reregister(B
lockManager.scala:674)
	at org.apache.spark.execut
or.Executor.reportHeartBeat
(Executor.scala:1363)
	at org.apache.spark.execut
or.Executor.$anonfun$heartb
eater$1(Executor.scala:356)
	at scala.runtime.java8.JFu
nction0$mcV$sp.apply(JFunct
ion0$mcV$sp.scala:18)
	at org.apache.spark.util.U
tils$.logUncaughtExceptions
(Utils.scala:1941)
	at org.apache.spark.Heartb
eater$$anon$1.run(Heartbeat
er.scala:46)
	at java.base/java.util.con
current.Executors$RunnableA
dapter.call(Executors.java:
539)
	at java.base/java.util.con
current.FutureTask.runAndRe
set(FutureTask.java:305)
	at java.base/java.util.con
current.ScheduledThreadPool
Executor$ScheduledFutureTas
k.run(ScheduledThreadPoolEx
ecutor.java:305)
	at java.base/java.util.con
current.ThreadPoolExecutor.
runWorker(ThreadPoolExecuto
r.java:1136)
	at java.base/java.util.con
current.ThreadPoolExecutor$
Worker.run(ThreadPoolExecut
or.java:635)
	at java.base/java.lang.Thr
ead.run(Thread.java:840)
Caused by: java.lang.NullPo
interException: Cannot 
invoke "org.apache.spark.st
orage.BlockManagerId.execut
orId()" because 
"idWithoutTopologyInfo" is 
null
	at org.apache.spark.storag
e.BlockManagerMasterEndpoin
t.org$apache$spark$storage$
BlockManagerMasterEndpoint$
$register(BlockManagerMaste
rEndpoint.scala:696)
	at org.apache.spark.storag
e.BlockManagerMasterEndpoin
t$$anonfun$receiveAndReply$
1.applyOrElse(BlockManagerM
asterEndpoint.scala:141)
	at org.apache.spark.rpc.ne
tty.Inbox.$anonfun$process$
1(Inbox.scala:104)
	at org.apache.spark.rpc.ne
tty.Inbox.safelyCall(Inbox.
scala:216)
	at org.apache.spark.rpc.ne
tty.Inbox.process(Inbox.sca
la:101)
	at org.apache.spark.rpc.ne
tty.MessageLoop.org$apache$
spark$rpc$netty$MessageLoop
$$receiveLoop(MessageLoop.s
cala:76)
	at org.apache.spark.rpc.ne
tty.MessageLoop$$anon$1.run
(MessageLoop.scala:42)
	... 3 more
