python : WARNING: 
Using incubator 
modules: 
jdk.incubator.vector
At line:1 char:1
+ python spark_processi
ng/spark_processing.py 
> spark_error.log 
2>&1; G ...
+ ~~~~~~~~~~~~~~~~~~~~~
~~~~~~~~~~~~~~~~~~~~~~~
~~~~~~~~~~~~~~~~~~~~~~
    + CategoryInfo     
         : 
NotSpecified: (WAR    
NING: Using ...ncubato 
   r.vector:String) 
[], R    emoteException
    + 
FullyQualifiedErrorI   
 d : NativeCommandError
 
26/03/08 22:25:02 WARN 
Shell: Did not find 
winutils.exe: java.io.F
ileNotFoundException: j
ava.io.FileNotFoundExce
ption: HADOOP_HOME and 
hadoop.home.dir are 
unset. -see https://cwi
ki.apache.org/confluenc
e/display/HADOOP2/Windo
wsProblems
Using Spark's default 
log4j profile: org/apac
he/spark/log4j2-default
s.properties
Setting default log 
level to "WARN".
To adjust logging 
level use sc.setLogLeve
l(newLevel). For 
SparkR, use 
setLogLevel(newLevel).
26/03/08 22:25:03 WARN 
NativeCodeLoader: 
Unable to load 
native-hadoop library 
for your platform... 
using builtin-java 
classes where 
applicable
============================================================
PySpark Supply Chain Data Processing Pipeline
============================================================

[Step 1] Loading data from CSV files...
Loading inventory data...
Loaded 0 inventory records
Loading sales data...
Loaded 0 sales records
Loading shipments data...
Loaded 0 shipment records

[Step 2] Cleaning missing values...

--- Cleaning Missing Values ---
Inventory: 0 -> 0 records after cleaning
Sales: 0 -> 0 records after cleaning
Shipments: 0 -> 0 records after cleaning

[Step 3] Calculating inventory days...

--- Calculating Inventory Days ---
Calculated inventory_days for 0 records

[Step 4] Detecting supplier delivery delays...

--- Detecting Supplier Delivery Delays ---
Detected 0 delayed shipments

[Step 5] Detecting demand spikes...

--- Detecting Demand Spikes ---
Detected 0 demand spikes

[Step 6] Joining datasets based on product_id...

--- Joining Datasets ---
Joined dataset has 0 records

--- Sample Output ---
+----------+------------+-------------+------------+-------------+--------------+---------------+-----------------+------------+--------------+---------+
|product_id|warehouse_id|current_stock|safety_stock|reorder_point|inventory_days|avg_daily_sales|total_daily_sales|total_delays|avg_delay_days|timestamp|
+----------+------------+-------------+------------+-------------+--------------+---------------+-----------------+------------+--------------+---------+
+----------+------------+-------------+------------+-------------+--------------+---------------+-----------------+------------+--------------+---------+


[Step 7] Writing processed data to CSV...

--- Writing Output to dataset/processed_supply_chain.csv ---
Error during processing: An error occurred while calling o287.csv.
: java.lang.RuntimeException: java.io.FileNotFoundException: java.io.FileNotFoundException: HADOOP_HOME and hadoop.home.dir are unset. -see https://cwiki.apache.org/confluence/display/HADOOP2/WindowsProblems

	at org.apache.hadoop.util.Shell.getWinUtilsPath(Shell.java:789)

	at org.apache.hadoop.util.Shell.getSetPermissionCommand(Shell.java:298)

	at org.apache.hadoop.util.Shell.getSetPermissionCommand(Shell.java:314)

	at org.apache.hadoop.fs.RawLocalFileSystem.setPermission(RawLocalFileSystem.java:1179)

	at org.apache.hadoop.fs.RawLocalFileSystem.mkOneDirWithMode(RawLocalFileSystem.java:861)

	at org.apache.hadoop.fs.RawLocalFileSystem.mkdirsWithOptionalPermission(RawLocalFileSystem.java:901)

	at org.apache.hadoop.fs.RawLocalFileSystem.mkdirs(RawLocalFileSystem.java:873)

	at org.apache.hadoop.fs.RawLocalFileSystem.mkdirsWithOptionalPermission(RawLocalFileSystem.java:900)

	at org.apache.hadoop.fs.RawLocalFileSystem.mkdirs(RawLocalFileSystem.java:873)

	at org.apache.hadoop.fs.RawLocalFileSystem.mkdirsWithOptionalPermission(RawLocalFileSystem.java:900)

	at org.apache.hadoop.fs.RawLocalFileSystem.mkdirs(RawLocalFileSystem.java:873)

	at org.apache.hadoop.fs.ChecksumFileSystem.mkdirs(ChecksumFileSystem.java:1047)

	at org.apache.hadoop.mapreduce.lib.output.FileOutputCommitter.setupJob(FileOutputCommitter.java:356)

	at org.apache.spark.internal.io.HadoopMapReduceCommitProtocol.setupJob(HadoopMapReduceCommitProtocol.scala:180)

	at org.apache.spark.sql.execution.datasources.FileFormatWriter$.writeAndCommit(FileFormatWriter.scala:268)

	at org.apache.spark.sql.execution.datasources.FileFormatWriter$.executeWrite(FileFormatWriter.scala:306)

	at org.apache.spark.sql.execution.datasources.FileFormatWriter$.write(FileFormatWriter.scala:189)

	at org.apache.spark.sql.execution.datasources.InsertIntoHadoopFsRelationCommand.run(InsertIntoHadoopFsRelationCommand.scala:195)

	at org.apache.spark.sql.execution.command.DataWritingCommandExec.sideEffectResult$lzycompute(commands.scala:117)

	at org.apache.spark.sql.execution.command.DataWritingCommandExec.sideEffectResult(commands.scala:115)

	at org.apache.spark.sql.execution.command.DataWritingCommandExec.executeCollect(commands.scala:129)

	at org.apache.spark.sql.execution.adaptive.AdaptiveSparkPlanExec.$anonfun$executeCollect$1(AdaptiveSparkPlanExec.scala:396)

	at org.apache.spark.sql.execution.adaptive.ResultQueryStageExec.$anonfun$doMaterialize$1(QueryStageExec.scala:328)

	at org.apache.spark.sql.execution.SQLExecution$.$anonfun$withThreadLocalCaptured$4(SQLExecution.scala:335)

	at org.apache.spark.sql.execution.SQLExecution$.withSessionTagsApplied(SQLExecution.scala:285)

	at org.apache.spark.sql.execution.SQLExecution$.$anonfun$withThreadLocalCaptured$3(SQLExecution.scala:333)

	at org.apache.spark.JobArtifactSet$.withActiveJobArtifactState(JobArtifactSet.scala:94)

	at org.apache.spark.sql.execution.SQLExecution$.$anonfun$withThreadLocalCaptured$2(SQLExecution.scala:329)

	at java.base/java.util.concurrent.CompletableFuture$AsyncSupply.run(CompletableFuture.java:1768)

	at java.base/java.util.concurrent.ThreadPoolExecutor.runWorker(ThreadPoolExecutor.java:1136)

	at java.base/java.util.concurrent.ThreadPoolExecutor$Worker.run(ThreadPoolExecutor.java:635)

	at org.apache.spark.util.Utils$.getTryWithCallerStacktrace(Utils.scala:1453)

	at org.apache.spark.util.LazyTry.get(LazyTry.scala:58)

	at org.apache.spark.sql.execution.QueryExecution.commandExecuted(QueryExecution.scala:160)

	at org.apache.spark.sql.execution.QueryExecution.assertCommandExecuted(QueryExecution.scala:239)

	at org.apache.spark.sql.classic.DataFrameWriter.runCommand(DataFrameWriter.scala:592)

	at org.apache.spark.sql.classic.DataFrameWriter.save(DataFrameWriter.scala:115)

	at org.apache.spark.sql.DataFrameWriter.csv(DataFrameWriter.scala:426)

	at java.base/jdk.internal.reflect.NativeMethodAccessorImpl.invoke0(Native Method)

	at java.base/jdk.internal.reflect.NativeMethodAccessorImpl.invoke(NativeMethodAccessorImpl.java:77)

	at java.base/jdk.internal.reflect.DelegatingMethodAccessorImpl.invoke(DelegatingMethodAccessorImpl.java:43)

	at java.base/java.lang.reflect.Method.invoke(Method.java:569)

	at py4j.reflection.MethodInvoker.invoke(MethodInvoker.java:244)

	at py4j.reflection.ReflectionEngine.invoke(ReflectionEngine.java:374)

	at py4j.Gateway.invoke(Gateway.java:282)

	at py4j.commands.AbstractCommand.invokeMethod(AbstractCommand.java:132)

	at py4j.commands.CallCommand.execute(CallCommand.java:79)

	at py4j.ClientServerConnection.waitForCommands(ClientServerConnection.java:184)

	at py4j.ClientServerConnection.run(ClientServerConnection.java:108)

	at java.base/java.lang.Thread.run(Thread.java:840)

	Suppressed: org.apache.spark.util.Utils$OriginalTryStackTraceException: Full stacktrace of original doTryWithCallerStacktrace caller

		at org.apache.hadoop.util.Shell.getWinUtilsPath(Shell.java:789)

		at org.apache.hadoop.util.Shell.getSetPermissionCommand(Shell.java:298)

		at org.apache.hadoop.util.Shell.getSetPermissionCommand(Shell.java:314)

		at org.apache.hadoop.fs.RawLocalFileSystem.setPermission(RawLocalFileSystem.java:1179)

		at org.apache.hadoop.fs.RawLocalFileSystem.mkOneDirWithMode(RawLocalFileSystem.java:861)

		at org.apache.hadoop.fs.RawLocalFileSystem.mkdirsWithOptionalPermission(RawLocalFileSystem.java:901)

		at org.apache.hadoop.fs.RawLocalFileSystem.mkdirs(RawLocalFileSystem.java:873)

		at org.apache.hadoop.fs.RawLocalFileSystem.mkdirsWithOptionalPermission(RawLocalFileSystem.java:900)

		at org.apache.hadoop.fs.RawLocalFileSystem.mkdirs(RawLocalFileSystem.java:873)

		at org.apache.hadoop.fs.RawLocalFileSystem.mkdirsWithOptionalPermission(RawLocalFileSystem.java:900)

		at org.apache.hadoop.fs.RawLocalFileSystem.mkdirs(RawLocalFileSystem.java:873)

		at org.apache.hadoop.fs.ChecksumFileSystem.mkdirs(ChecksumFileSystem.java:1047)

		at org.apache.hadoop.mapreduce.lib.output.FileOutputCommitter.setupJob(FileOutputCommitter.java:356)

		at org.apache.spark.internal.io.HadoopMapReduceCommitProtocol.setupJob(HadoopMapReduceCommitProtocol.scala:180)

		at org.apache.spark.sql.execution.datasources.FileFormatWriter$.writeAndCommit(FileFormatWriter.scala:268)

		at org.apache.spark.sql.execution.datasources.FileFormatWriter$.executeWrite(FileFormatWriter.scala:306)

		at org.apache.spark.sql.execution.datasources.FileFormatWriter$.write(FileFormatWriter.scala:189)

		at org.apache.spark.sql.execution.datasources.InsertIntoHadoopFsRelationCommand.run(InsertIntoHadoopFsRelationCommand.scala:195)

		at org.apache.spark.sql.execution.command.DataWritingCommandExec.sideEffectResult$lzycompute(commands.scala:117)

		at org.apache.spark.sql.execution.command.DataWritingCommandExec.sideEffectResult(commands.scala:115)

		at org.apache.spark.sql.execution.command.DataWritingCommandExec.executeCollect(commands.scala:129)

		at org.apache.spark.sql.execution.adaptive.AdaptiveSparkPlanExec.$anonfun$executeCollect$1(AdaptiveSparkPlanExec.scala:396)

		at org.apache.spark.sql.execution.adaptive.ResultQueryStageExec.$anonfun$doMaterialize$1(QueryStageExec.scala:328)

		at org.apache.spark.sql.execution.SQLExecution$.$anonfun$withThreadLocalCaptured$4(SQLExecution.scala:335)

		at org.apache.spark.sql.execution.SQLExecution$.withSessionTagsApplied(SQLExecution.scala:285)

		at org.apache.spark.sql.execution.SQLExecution$.$anonfun$withThreadLocalCaptured$3(SQLExecution.scala:333)

		at org.apache.spark.JobArtifactSet$.withActiveJobArtifactState(JobArtifactSet.scala:94)

		at org.apache.spark.sql.execution.SQLExecution$.$anonfun$withThreadLocalCaptured$2(SQLExecution.scala:329)

		at java.base/java.util.concurrent.CompletableFuture$AsyncSupply.run(CompletableFuture.java:1768)

		at java.base/java.util.concurrent.ThreadPoolExecutor.runWorker(ThreadPoolExecutor.java:1136)

		at java.base/java.util.concurrent.ThreadPoolExecutor$Worker.run(ThreadPoolExecutor.java:635)

		... 1 more

Caused by: java.io.FileNotFoundException: java.io.FileNotFoundException: HADOOP_HOME and hadoop.home.dir are unset. -see https://cwiki.apache.org/confluence/display/HADOOP2/WindowsProblems

	at org.apache.hadoop.util.Shell.fileNotFoundException(Shell.java:601)

	at org.apache.hadoop.util.Shell.getHadoopHomeDir(Shell.java:622)

	at org.apache.hadoop.util.Shell.getQualifiedBin(Shell.java:645)

	at org.apache.hadoop.util.Shell.<clinit>(Shell.java:742)

	at org.apache.hadoop.util.StringUtils.<clinit>(StringUtils.java:80)

	at org.apache.hadoop.conf.Configuration.getTimeDurationHelper(Configuration.java:1954)

	at org.apache.hadoop.conf.Configuration.getTimeDuration(Configuration.java:1912)

	at org.apache.hadoop.conf.Configuration.getTimeDuration(Configuration.java:1885)

	at org.apache.hadoop.util.ShutdownHookManager.getShutdownTimeout(ShutdownHookManager.java:183)

	at org.apache.hadoop.util.ShutdownHookManager$HookEntry.<init>(ShutdownHookManager.java:207)

	at org.apache.hadoop.util.ShutdownHookManager.addShutdownHook(ShutdownHookManager.java:304)

	at org.apache.spark.util.SparkShutdownHookManager.$anonfun$install$1(ShutdownHookManager.scala:194)

	at scala.runtime.java8.JFunction0$mcV$sp.apply(JFunction0$mcV$sp.scala:18)

	at scala.Option.fold(Option.scala:263)

	at org.apache.spark.util.SparkShutdownHookManager.install(ShutdownHookManager.scala:195)

	at org.apache.spark.util.ShutdownHookManager$.shutdownHooks$lzycompute(ShutdownHookManager.scala:55)

	at org.apache.spark.util.ShutdownHookManager$.shutdownHooks(ShutdownHookManager.scala:53)

	at org.apache.spark.util.ShutdownHookManager$.addShutdownHook(ShutdownHookManager.scala:159)

	at org.apache.spark.util.ShutdownHookManager$.<clinit>(ShutdownHookManager.scala:63)

	at org.apache.spark.util.Utils$.createTempDir(Utils.scala:249)

	at org.apache.spark.util.SparkFileUtils.createTempDir(SparkFileUtils.scala:125)

	at org.apache.spark.util.SparkFileUtils.createTempDir$(SparkFileUtils.scala:124)

	at org.apache.spark.util.Utils$.createTempDir(Utils.scala:97)

	at org.apache.spark.deploy.SparkSubmit.prepareSubmitEnvironment(SparkSubmit.scala:378)

	at org.apache.spark.deploy.SparkSubmit.org$apache$spark$deploy$SparkSubmit$$runMain(SparkSubmit.scala:962)

	at org.apache.spark.deploy.SparkSubmit.doRunMain$1(SparkSubmit.scala:203)

	at org.apache.spark.deploy.SparkSubmit.submit(SparkSubmit.scala:226)

	at org.apache.spark.deploy.SparkSubmit.doSubmit(SparkSubmit.scala:95)

	at org.apache.spark.deploy.SparkSubmit$$anon$2.doSubmit(SparkSubmit.scala:1168)

	at org.apache.spark.deploy.SparkSubmit$.main(SparkSubmit.scala:1177)

	at org.apache.spark.deploy.SparkSubmit.main(SparkSubmit.scala)

Caused by: java.io.FileNotFoundException: HADOOP_HOME and hadoop.home.dir are unset.

	at org.apache.hadoop.util.Shell.checkHadoopHomeInner(Shell.java:521)

	at org.apache.hadoop.util.Shell.checkHadoopHome(Shell.java:492)

	at org.apache.hadoop.util.Shell.<clinit>(Shell.java:569)

	... 27 more


Traceback (most recent 
call last):
  File "C:\Users\rohan\
Desktop\AI-Supply-Chain
-Control-Tower\spark_pr
ocessing\spark_processi
ng.py", line 410, in 
<module>
  File "C:\Users\rohan\
Desktop\AI-Supply-Chain
-Control-Tower\spark_pr
ocessing\spark_processi
ng.py", line 389, in 
main
  File "C:\Users\rohan\
Desktop\AI-Supply-Chain
-Control-Tower\spark_pr
ocessing\spark_processi
ng.py", line 292, in 
write_output
    # Ensure output 
directory exists
  File "C:\Users\rohan\
AppData\Roaming\Python\
Python314\site-packages
\pyspark\sql\readwriter
.py", line 2146, in csv
    
self._jwrite.csv(path)
    
~~~~~~~~~~~~~~~~^^^^^^
  File "C:\Users\rohan\
AppData\Roaming\Python\
Python314\site-packages
\py4j\java_gateway.py",
 line 1362, in __call__
    return_value = 
get_return_value(
        answer, 
self.gateway_client, 
self.target_id, 
self.name)
  File "C:\Users\rohan\
AppData\Roaming\Python\
Python314\site-packages
\pyspark\errors\excepti
ons\captured.py", line 
263, in deco
    return f(*a, **kw)
  File "C:\Users\rohan\
AppData\Roaming\Python\
Python314\site-packages
\py4j\protocol.py", 
line 327, in 
get_return_value
    raise 
Py4JJavaError(
        "An error 
occurred while calling 
{0}{1}{2}.\n".
        
format(target_id, ".", 
name), value)
py4j.protocol.Py4JJavaE
rror: An error 
occurred while calling 
o287.csv.
: java.lang.RuntimeExce
ption: java.io.FileNotF
oundException: java.io.
FileNotFoundException: 
HADOOP_HOME and 
hadoop.home.dir are 
unset. -see https://cwi
ki.apache.org/confluenc
e/display/HADOOP2/Windo
wsProblems

	at org.apache.hadoop.u
til.Shell.getWinUtilsPa
th(Shell.java:789)

	at org.apache.hadoop.u
til.Shell.getSetPermiss
ionCommand(Shell.java:2
98)

	at org.apache.hadoop.u
til.Shell.getSetPermiss
ionCommand(Shell.java:3
14)

	at org.apache.hadoop.f
s.RawLocalFileSystem.se
tPermission(RawLocalFil
eSystem.java:1179)

	at org.apache.hadoop.f
s.RawLocalFileSystem.mk
OneDirWithMode(RawLocal
FileSystem.java:861)

	at org.apache.hadoop.f
s.RawLocalFileSystem.mk
dirsWithOptionalPermiss
ion(RawLocalFileSystem.
java:901)

	at org.apache.hadoop.f
s.RawLocalFileSystem.mk
dirs(RawLocalFileSystem
.java:873)

	at org.apache.hadoop.f
s.RawLocalFileSystem.mk
dirsWithOptionalPermiss
ion(RawLocalFileSystem.
java:900)

	at org.apache.hadoop.f
s.RawLocalFileSystem.mk
dirs(RawLocalFileSystem
.java:873)

	at org.apache.hadoop.f
s.RawLocalFileSystem.mk
dirsWithOptionalPermiss
ion(RawLocalFileSystem.
java:900)

	at org.apache.hadoop.f
s.RawLocalFileSystem.mk
dirs(RawLocalFileSystem
.java:873)

	at org.apache.hadoop.f
s.ChecksumFileSystem.mk
dirs(ChecksumFileSystem
.java:1047)

	at org.apache.hadoop.m
apreduce.lib.output.Fil
eOutputCommitter.setupJ
ob(FileOutputCommitter.
java:356)

	at org.apache.spark.in
ternal.io.HadoopMapRedu
ceCommitProtocol.setupJ
ob(HadoopMapReduceCommi
tProtocol.scala:180)

	at org.apache.spark.sq
l.execution.datasources
.FileFormatWriter$.writ
eAndCommit(FileFormatWr
iter.scala:268)

	at org.apache.spark.sq
l.execution.datasources
.FileFormatWriter$.exec
uteWrite(FileFormatWrit
er.scala:306)

	at org.apache.spark.sq
l.execution.datasources
.FileFormatWriter$.writ
e(FileFormatWriter.scal
a:189)

	at org.apache.spark.sq
l.execution.datasources
.InsertIntoHadoopFsRela
tionCommand.run(InsertI
ntoHadoopFsRelationComm
and.scala:195)

	at org.apache.spark.sq
l.execution.command.Dat
aWritingCommandExec.sid
eEffectResult$lzycomput
e(commands.scala:117)

	at org.apache.spark.sq
l.execution.command.Dat
aWritingCommandExec.sid
eEffectResult(commands.
scala:115)

	at org.apache.spark.sq
l.execution.command.Dat
aWritingCommandExec.exe
cuteCollect(commands.sc
ala:129)

	at org.apache.spark.sq
l.execution.adaptive.Ad
aptiveSparkPlanExec.$an
onfun$executeCollect$1(
AdaptiveSparkPlanExec.s
cala:396)

	at org.apache.spark.sq
l.execution.adaptive.Re
sultQueryStageExec.$ano
nfun$doMaterialize$1(Qu
eryStageExec.scala:328)

	at org.apache.spark.sq
l.execution.SQLExecutio
n$.$anonfun$withThreadL
ocalCaptured$4(SQLExecu
tion.scala:335)

	at org.apache.spark.sq
l.execution.SQLExecutio
n$.withSessionTagsAppli
ed(SQLExecution.scala:2
85)

	at org.apache.spark.sq
l.execution.SQLExecutio
n$.$anonfun$withThreadL
ocalCaptured$3(SQLExecu
tion.scala:333)

	at org.apache.spark.Jo
bArtifactSet$.withActiv
eJobArtifactState(JobAr
tifactSet.scala:94)

	at org.apache.spark.sq
l.execution.SQLExecutio
n$.$anonfun$withThreadL
ocalCaptured$2(SQLExecu
tion.scala:329)

	at java.base/java.util
.concurrent.Completable
Future$AsyncSupply.run(
CompletableFuture.java:
1768)

	at java.base/java.util
.concurrent.ThreadPoolE
xecutor.runWorker(Threa
dPoolExecutor.java:1136
)

	at java.base/java.util
.concurrent.ThreadPoolE
xecutor$Worker.run(Thre
adPoolExecutor.java:635
)

	at org.apache.spark.ut
il.Utils$.getTryWithCal
lerStacktrace(Utils.sca
la:1453)

	at org.apache.spark.ut
il.LazyTry.get(LazyTry.
scala:58)

	at org.apache.spark.sq
l.execution.QueryExecut
ion.commandExecuted(Que
ryExecution.scala:160)

	at org.apache.spark.sq
l.execution.QueryExecut
ion.assertCommandExecut
ed(QueryExecution.scala
:239)

	at org.apache.spark.sq
l.classic.DataFrameWrit
er.runCommand(DataFrame
Writer.scala:592)

	at org.apache.spark.sq
l.classic.DataFrameWrit
er.save(DataFrameWriter
.scala:115)

	at org.apache.spark.sq
l.DataFrameWriter.csv(D
ataFrameWriter.scala:42
6)

	at java.base/jdk.inter
nal.reflect.NativeMetho
dAccessorImpl.invoke0(N
ative Method)

	at java.base/jdk.inter
nal.reflect.NativeMetho
dAccessorImpl.invoke(Na
tiveMethodAccessorImpl.
java:77)

	at java.base/jdk.inter
nal.reflect.DelegatingM
ethodAccessorImpl.invok
e(DelegatingMethodAcces
sorImpl.java:43)

	at java.base/java.lang
.reflect.Method.invoke(
Method.java:569)

	at py4j.reflection.Met
hodInvoker.invoke(Metho
dInvoker.java:244)

	at py4j.reflection.Ref
lectionEngine.invoke(Re
flectionEngine.java:374
)

	at py4j.Gateway.invoke
(Gateway.java:282)

	at py4j.commands.Abstr
actCommand.invokeMethod
(AbstractCommand.java:1
32)

	at py4j.commands.CallC
ommand.execute(CallComm
and.java:79)

	at py4j.ClientServerCo
nnection.waitForCommand
s(ClientServerConnectio
n.java:184)

	at py4j.ClientServerCo
nnection.run(ClientServ
erConnection.java:108)

	at java.base/java.lang
.Thread.run(Thread.java
:840)

	Suppressed: org.apache
.spark.util.Utils$Origi
nalTryStackTraceExcepti
on: Full stacktrace of 
original doTryWithCalle
rStacktrace caller

		at org.apache.hadoop.
util.Shell.getWinUtilsP
ath(Shell.java:789)

		at org.apache.hadoop.
util.Shell.getSetPermis
sionCommand(Shell.java:
298)

		at org.apache.hadoop.
util.Shell.getSetPermis
sionCommand(Shell.java:
314)

		at org.apache.hadoop.
fs.RawLocalFileSystem.s
etPermission(RawLocalFi
leSystem.java:1179)

		at org.apache.hadoop.
fs.RawLocalFileSystem.m
kOneDirWithMode(RawLoca
lFileSystem.java:861)

		at org.apache.hadoop.
fs.RawLocalFileSystem.m
kdirsWithOptionalPermis
sion(RawLocalFileSystem
.java:901)

		at org.apache.hadoop.
fs.RawLocalFileSystem.m
kdirs(RawLocalFileSyste
m.java:873)

		at org.apache.hadoop.
fs.RawLocalFileSystem.m
kdirsWithOptionalPermis
sion(RawLocalFileSystem
.java:900)

		at org.apache.hadoop.
fs.RawLocalFileSystem.m
kdirs(RawLocalFileSyste
m.java:873)

		at org.apache.hadoop.
fs.RawLocalFileSystem.m
kdirsWithOptionalPermis
sion(RawLocalFileSystem
.java:900)

		at org.apache.hadoop.
fs.RawLocalFileSystem.m
kdirs(RawLocalFileSyste
m.java:873)

		at org.apache.hadoop.
fs.ChecksumFileSystem.m
kdirs(ChecksumFileSyste
m.java:1047)

		at org.apache.hadoop.
mapreduce.lib.output.Fi
leOutputCommitter.setup
Job(FileOutputCommitter
.java:356)

		at org.apache.spark.i
nternal.io.HadoopMapRed
uceCommitProtocol.setup
Job(HadoopMapReduceComm
itProtocol.scala:180)

		at org.apache.spark.s
ql.execution.datasource
s.FileFormatWriter$.wri
teAndCommit(FileFormatW
riter.scala:268)

		at org.apache.spark.s
ql.execution.datasource
s.FileFormatWriter$.exe
cuteWrite(FileFormatWri
ter.scala:306)

		at org.apache.spark.s
ql.execution.datasource
s.FileFormatWriter$.wri
te(FileFormatWriter.sca
la:189)

		at org.apache.spark.s
ql.execution.datasource
s.InsertIntoHadoopFsRel
ationCommand.run(Insert
IntoHadoopFsRelationCom
mand.scala:195)

		at org.apache.spark.s
ql.execution.command.Da
taWritingCommandExec.si
deEffectResult$lzycompu
te(commands.scala:117)

		at org.apache.spark.s
ql.execution.command.Da
taWritingCommandExec.si
deEffectResult(commands
.scala:115)

		at org.apache.spark.s
ql.execution.command.Da
taWritingCommandExec.ex
ecuteCollect(commands.s
cala:129)

		at org.apache.spark.s
ql.execution.adaptive.A
daptiveSparkPlanExec.$a
nonfun$executeCollect$1
(AdaptiveSparkPlanExec.
scala:396)

		at org.apache.spark.s
ql.execution.adaptive.R
esultQueryStageExec.$an
onfun$doMaterialize$1(Q
ueryStageExec.scala:328
)

		at org.apache.spark.s
ql.execution.SQLExecuti
on$.$anonfun$withThread
LocalCaptured$4(SQLExec
ution.scala:335)

		at org.apache.spark.s
ql.execution.SQLExecuti
on$.withSessionTagsAppl
ied(SQLExecution.scala:
285)

		at org.apache.spark.s
ql.execution.SQLExecuti
on$.$anonfun$withThread
LocalCaptured$3(SQLExec
ution.scala:333)

		at org.apache.spark.J
obArtifactSet$.withActi
veJobArtifactState(JobA
rtifactSet.scala:94)

		at org.apache.spark.s
ql.execution.SQLExecuti
on$.$anonfun$withThread
LocalCaptured$2(SQLExec
ution.scala:329)

		at java.base/java.uti
l.concurrent.Completabl
eFuture$AsyncSupply.run
(CompletableFuture.java
:1768)

		at java.base/java.uti
l.concurrent.ThreadPool
Executor.runWorker(Thre
adPoolExecutor.java:113
6)

		at java.base/java.uti
l.concurrent.ThreadPool
Executor$Worker.run(Thr
eadPoolExecutor.java:63
5)

		... 1 more

Caused by: java.io.File
NotFoundException: java
.io.FileNotFoundExcepti
on: HADOOP_HOME and 
hadoop.home.dir are 
unset. -see https://cwi
ki.apache.org/confluenc
e/display/HADOOP2/Windo
wsProblems

	at org.apache.hadoop.u
til.Shell.fileNotFoundE
xception(Shell.java:601
)

	at org.apache.hadoop.u
til.Shell.getHadoopHome
Dir(Shell.java:622)

	at org.apache.hadoop.u
til.Shell.getQualifiedB
in(Shell.java:645)

	at org.apache.hadoop.u
til.Shell.<clinit>(Shel
l.java:742)

	at org.apache.hadoop.u
til.StringUtils.<clinit
>(StringUtils.java:80)

	at org.apache.hadoop.c
onf.Configuration.getTi
meDurationHelper(Config
uration.java:1954)

	at org.apache.hadoop.c
onf.Configuration.getTi
meDuration(Configuratio
n.java:1912)

	at org.apache.hadoop.c
onf.Configuration.getTi
meDuration(Configuratio
n.java:1885)

	at org.apache.hadoop.u
til.ShutdownHookManager
.getShutdownTimeout(Shu
tdownHookManager.java:1
83)

	at org.apache.hadoop.u
til.ShutdownHookManager
$HookEntry.<init>(Shutd
ownHookManager.java:207
)

	at org.apache.hadoop.u
til.ShutdownHookManager
.addShutdownHook(Shutdo
wnHookManager.java:304)

	at org.apache.spark.ut
il.SparkShutdownHookMan
ager.$anonfun$install$1
(ShutdownHookManager.sc
ala:194)

	at scala.runtime.java8
.JFunction0$mcV$sp.appl
y(JFunction0$mcV$sp.sca
la:18)

	at scala.Option.fold(O
ption.scala:263)

	at org.apache.spark.ut
il.SparkShutdownHookMan
ager.install(ShutdownHo
okManager.scala:195)

	at org.apache.spark.ut
il.ShutdownHookManager$
.shutdownHooks$lzycompu
te(ShutdownHookManager.
scala:55)

	at org.apache.spark.ut
il.ShutdownHookManager$
.shutdownHooks(Shutdown
HookManager.scala:53)

	at org.apache.spark.ut
il.ShutdownHookManager$
.addShutdownHook(Shutdo
wnHookManager.scala:159
)

	at org.apache.spark.ut
il.ShutdownHookManager$
.<clinit>(ShutdownHookM
anager.scala:63)

	at org.apache.spark.ut
il.Utils$.createTempDir
(Utils.scala:249)

	at org.apache.spark.ut
il.SparkFileUtils.creat
eTempDir(SparkFileUtils
.scala:125)

	at org.apache.spark.ut
il.SparkFileUtils.creat
eTempDir$(SparkFileUtil
s.scala:124)

	at org.apache.spark.ut
il.Utils$.createTempDir
(Utils.scala:97)

	at org.apache.spark.de
ploy.SparkSubmit.prepar
eSubmitEnvironment(Spar
kSubmit.scala:378)

	at org.apache.spark.de
ploy.SparkSubmit.org$ap
ache$spark$deploy$Spark
Submit$$runMain(SparkSu
bmit.scala:962)

	at org.apache.spark.de
ploy.SparkSubmit.doRunM
ain$1(SparkSubmit.scala
:203)

	at org.apache.spark.de
ploy.SparkSubmit.submit
(SparkSubmit.scala:226)

	at org.apache.spark.de
ploy.SparkSubmit.doSubm
it(SparkSubmit.scala:95
)

	at org.apache.spark.de
ploy.SparkSubmit$$anon$
2.doSubmit(SparkSubmit.
scala:1168)

	at org.apache.spark.de
ploy.SparkSubmit$.main(
SparkSubmit.scala:1177)

	at org.apache.spark.de
ploy.SparkSubmit.main(S
parkSubmit.scala)

Caused by: java.io.File
NotFoundException: 
HADOOP_HOME and 
hadoop.home.dir are 
unset.

	at org.apache.hadoop.u
til.Shell.checkHadoopHo
meInner(Shell.java:521)

	at org.apache.hadoop.u
til.Shell.checkHadoopHo
me(Shell.java:492)

	at org.apache.hadoop.u
til.Shell.<clinit>(Shel
l.java:569)

	... 27 more


SUCCESS: The process with PID 23580 (child process of PID 23588) has been terminated.
SUCCESS: The process with PID 23588 (child process of PID 4436) has been terminated.
SUCCESS: The process with PID 4436 (child process of PID 21624) has been terminated.
