python : WARNING: 
Using incubator 
modules: 
jdk.incubator.vector
At line:1 char:1
+ python spark_processi
ng/spark_streaming_proc
essor.py > 
spark_debug_re ...
+ ~~~~~~~~~~~~~~~~~~~~~
~~~~~~~~~~~~~~~~~~~~~~~
~~~~~~~~~~~~~~~~~~~~~~~
~~
    + CategoryInfo     
         : NotSpecifi  
  ed: (WARNING: Usin   
 g ...ncubator.vect    
or:String) [], Rem    
oteException
    + FullyQualifiedEr 
   rorId : NativeComm  
  andError
 
Using Spark's default 
log4j profile: org/apac
he/spark/log4j2-default
s.properties
Setting default log 
level to "WARN".
To adjust logging 
level use sc.setLogLeve
l(newLevel). For 
SparkR, use 
setLogLevel(newLevel).
26/03/09 12:30:52 WARN 
NativeCodeLoader: 
Unable to load 
native-hadoop library 
for your platform... 
using builtin-java 
classes where 
applicable
Traceback (most recent 
call last):
  File "C:\Users\rohan\
Desktop\AI-Supply-Chain
-Control-Tower\spark_pr
ocessing\spark_streamin
g_processor.py", line 
111, in <module>
    main()
    ~~~~^^
  File "C:\Users\rohan\
Desktop\AI-Supply-Chain
-Control-Tower\spark_pr
ocessing\spark_streamin
g_processor.py", line 
74, in main
    .load()
     ~~~~^^
  File "C:\Users\rohan\
AppData\Roaming\Python\
Python314\site-packages
\pyspark\sql\streaming\
readwriter.py", line 
307, in load
    return self._df(sel
f._jreader.load())
                    
~~~~~~~~~~~~~~~~~~^^
  File "C:\Users\rohan\
AppData\Roaming\Python\
Python314\site-packages
\py4j\java_gateway.py",
 line 1362, in __call__
    return_value = 
get_return_value(
        answer, 
self.gateway_client, 
self.target_id, 
self.name)
  File "C:\Users\rohan\
AppData\Roaming\Python\
Python314\site-packages
\pyspark\errors\excepti
ons\captured.py", line 
263, in deco
    return f(*a, **kw)
  File "C:\Users\rohan\
AppData\Roaming\Python\
Python314\site-packages
\py4j\protocol.py", 
line 327, in 
get_return_value
    raise 
Py4JJavaError(
        "An error 
occurred while calling 
{0}{1}{2}.\n".
        
format(target_id, ".", 
name), value)
py4j.protocol.Py4JJavaE
rror: An error 
occurred while calling 
o37.load.
: java.lang.NoSuchMetho
dError: 'scala.collecti
on.mutable.WrappedArray
 scala.Predef$.wrapRefA
rray(java.lang.Object[]
)'

	at org.apache.spark.sq
l.kafka010.KafkaSourceP
rovider$.<init>(KafkaSo
urceProvider.scala:545)

	at org.apache.spark.sq
l.kafka010.KafkaSourceP
rovider$.<clinit>(Kafka
SourceProvider.scala)

	at org.apache.spark.sq
l.kafka010.KafkaSourceP
rovider.org$apache$spar
k$sql$kafka010$KafkaSou
rceProvider$$validateSt
reamOptions(KafkaSource
Provider.scala:338)

	at org.apache.spark.sq
l.kafka010.KafkaSourceP
rovider.sourceSchema(Ka
fkaSourceProvider.scala
:71)

	at org.apache.spark.sq
l.execution.datasources
.DataSource.sourceSchem
a(DataSource.scala:247)

	at org.apache.spark.sq
l.execution.datasources
.DataSource.sourceInfo$
lzycompute(DataSource.s
cala:132)

	at org.apache.spark.sq
l.execution.datasources
.DataSource.sourceInfo(
DataSource.scala:132)

	at org.apache.spark.sq
l.execution.streaming.r
untime.StreamingRelatio
n$.apply(StreamingRelat
ion.scala:38)

	at org.apache.spark.sq
l.catalyst.analysis.Res
olveDataSource$$anonfun
$apply$1.applyOrElse(Re
solveDataSource.scala:8
6)

	at org.apache.spark.sq
l.catalyst.analysis.Res
olveDataSource$$anonfun
$apply$1.applyOrElse(Re
solveDataSource.scala:4
5)

	at org.apache.spark.sq
l.catalyst.plans.logica
l.AnalysisHelper.$anonf
un$resolveOperatorsUpWi
thPruning$3(AnalysisHel
per.scala:139)

	at org.apache.spark.sq
l.catalyst.trees.Curren
tOrigin$.withOrigin(ori
gin.scala:107)

	at org.apache.spark.sq
l.catalyst.plans.logica
l.AnalysisHelper.$anonf
un$resolveOperatorsUpWi
thPruning$1(AnalysisHel
per.scala:139)

	at org.apache.spark.sq
l.catalyst.plans.logica
l.AnalysisHelper$.allow
InvokingTransformsInAna
lyzer(AnalysisHelper.sc
ala:416)

	at org.apache.spark.sq
l.catalyst.plans.logica
l.AnalysisHelper.resolv
eOperatorsUpWithPruning
(AnalysisHelper.scala:1
35)

	at org.apache.spark.sq
l.catalyst.plans.logica
l.AnalysisHelper.resolv
eOperatorsUpWithPruning
$(AnalysisHelper.scala:
131)

	at org.apache.spark.sq
l.catalyst.plans.logica
l.LogicalPlan.resolveOp
eratorsUpWithPruning(Lo
gicalPlan.scala:37)

	at org.apache.spark.sq
l.catalyst.plans.logica
l.AnalysisHelper.resolv
eOperatorsUp(AnalysisHe
lper.scala:112)

	at org.apache.spark.sq
l.catalyst.plans.logica
l.AnalysisHelper.resolv
eOperatorsUp$(AnalysisH
elper.scala:111)

	at org.apache.spark.sq
l.catalyst.plans.logica
l.LogicalPlan.resolveOp
eratorsUp(LogicalPlan.s
cala:37)

	at org.apache.spark.sq
l.catalyst.analysis.Res
olveDataSource.apply(Re
solveDataSource.scala:4
5)

	at org.apache.spark.sq
l.catalyst.analysis.Res
olveDataSource.apply(Re
solveDataSource.scala:4
3)

	at org.apache.spark.sq
l.catalyst.rules.RuleEx
ecutor.$anonfun$execute
$2(RuleExecutor.scala:2
48)

	at scala.collection.Li
nearSeqOps.foldLeft(Lin
earSeq.scala:183)

	at scala.collection.Li
nearSeqOps.foldLeft$(Li
nearSeq.scala:179)

	at scala.collection.im
mutable.List.foldLeft(L
ist.scala:79)

	at org.apache.spark.sq
l.catalyst.rules.RuleEx
ecutor.$anonfun$execute
$1(RuleExecutor.scala:2
45)

	at org.apache.spark.sq
l.catalyst.rules.RuleEx
ecutor.$anonfun$execute
$1$adapted(RuleExecutor
.scala:237)

	at scala.collection.im
mutable.List.foreach(Li
st.scala:323)

	at org.apache.spark.sq
l.catalyst.rules.RuleEx
ecutor.execute(RuleExec
utor.scala:237)

	at org.apache.spark.sq
l.catalyst.analysis.Ana
lyzer.org$apache$spark$
sql$catalyst$analysis$A
nalyzer$$executeSameCon
text(Analyzer.scala:343
)

	at org.apache.spark.sq
l.catalyst.analysis.Ana
lyzer.$anonfun$execute$
1(Analyzer.scala:339)

	at org.apache.spark.sq
l.catalyst.analysis.Ana
lysisContext$.withNewAn
alysisContext(Analyzer.
scala:224)

	at org.apache.spark.sq
l.catalyst.analysis.Ana
lyzer.execute(Analyzer.
scala:339)

	at org.apache.spark.sq
l.catalyst.analysis.Ana
lyzer.execute(Analyzer.
scala:289)

	at org.apache.spark.sq
l.catalyst.rules.RuleEx
ecutor.$anonfun$execute
AndTrack$1(RuleExecutor
.scala:207)

	at org.apache.spark.sq
l.catalyst.QueryPlannin
gTracker$.withTracker(Q
ueryPlanningTracker.sca
la:89)

	at org.apache.spark.sq
l.catalyst.rules.RuleEx
ecutor.executeAndTrack(
RuleExecutor.scala:207)

	at org.apache.spark.sq
l.catalyst.analysis.res
olver.HybridAnalyzer.re
solveInFixedPoint(Hybri
dAnalyzer.scala:236)

	at org.apache.spark.sq
l.catalyst.analysis.res
olver.HybridAnalyzer.$a
nonfun$apply$1(HybridAn
alyzer.scala:91)

	at org.apache.spark.sq
l.catalyst.analysis.res
olver.HybridAnalyzer.wi
thTrackedAnalyzerBridge
State(HybridAnalyzer.sc
ala:122)

	at org.apache.spark.sq
l.catalyst.analysis.res
olver.HybridAnalyzer.ap
ply(HybridAnalyzer.scal
a:84)

	at org.apache.spark.sq
l.catalyst.analysis.Ana
lyzer.$anonfun$executeA
ndCheck$1(Analyzer.scal
a:322)

	at org.apache.spark.sq
l.catalyst.plans.logica
l.AnalysisHelper$.markI
nAnalyzer(AnalysisHelpe
r.scala:423)

	at org.apache.spark.sq
l.catalyst.analysis.Ana
lyzer.executeAndCheck(A
nalyzer.scala:322)

	at org.apache.spark.sq
l.execution.QueryExecut
ion.$anonfun$lazyAnalyz
ed$2(QueryExecution.sca
la:139)

	at org.apache.spark.sq
l.catalyst.QueryPlannin
gTracker.measurePhase(Q
ueryPlanningTracker.sca
la:148)

	at org.apache.spark.sq
l.execution.QueryExecut
ion.$anonfun$executePha
se$2(QueryExecution.sca
la:330)

	at org.apache.spark.sq
l.execution.QueryExecut
ion$.withInternalError(
QueryExecution.scala:71
7)

	at org.apache.spark.sq
l.execution.QueryExecut
ion.$anonfun$executePha
se$1(QueryExecution.sca
la:330)

	at org.apache.spark.sq
l.SparkSession.withActi
ve(SparkSession.scala:8
04)

	at org.apache.spark.sq
l.execution.QueryExecut
ion.executePhase(QueryE
xecution.scala:329)

	at org.apache.spark.sq
l.execution.QueryExecut
ion.$anonfun$lazyAnalyz
ed$1(QueryExecution.sca
la:139)

	at scala.util.Try$.app
ly(Try.scala:217)

	at org.apache.spark.ut
il.Utils$.doTryWithCall
erStacktrace(Utils.scal
a:1392)

	at org.apache.spark.ut
il.LazyTry.tryT$lzycomp
ute(LazyTry.scala:46)

	at org.apache.spark.ut
il.LazyTry.tryT(LazyTry
.scala:46)

	at org.apache.spark.ut
il.LazyTry.get(LazyTry.
scala:58)

	at org.apache.spark.sq
l.execution.QueryExecut
ion.analyzed(QueryExecu
tion.scala:150)

	at org.apache.spark.sq
l.execution.QueryExecut
ion.assertAnalyzed(Quer
yExecution.scala:90)

	at org.apache.spark.sq
l.classic.Dataset$.$ano
nfun$ofRows$1(Dataset.s
cala:114)

	at org.apache.spark.sq
l.SparkSession.withActi
ve(SparkSession.scala:8
04)

	at org.apache.spark.sq
l.classic.Dataset$.ofRo
ws(Dataset.scala:112)

	at org.apache.spark.sq
l.classic.DataStreamRea
der.loadInternal(DataSt
reamReader.scala:81)

	at org.apache.spark.sq
l.classic.DataStreamRea
der.load(DataStreamRead
er.scala:71)

	at org.apache.spark.sq
l.classic.DataStreamRea
der.load(DataStreamRead
er.scala:41)

	at java.base/jdk.inter
nal.reflect.NativeMetho
dAccessorImpl.invoke0(N
ative Method)

	at java.base/jdk.inter
nal.reflect.NativeMetho
dAccessorImpl.invoke(Na
tiveMethodAccessorImpl.
java:77)

	at java.base/jdk.inter
nal.reflect.DelegatingM
ethodAccessorImpl.invok
e(DelegatingMethodAcces
sorImpl.java:43)

	at java.base/java.lang
.reflect.Method.invoke(
Method.java:569)

	at py4j.reflection.Met
hodInvoker.invoke(Metho
dInvoker.java:244)

	at py4j.reflection.Ref
lectionEngine.invoke(Re
flectionEngine.java:374
)

	at py4j.Gateway.invoke
(Gateway.java:282)

	at py4j.commands.Abstr
actCommand.invokeMethod
(AbstractCommand.java:1
32)

	at py4j.commands.CallC
ommand.execute(CallComm
and.java:79)

	at py4j.ClientServerCo
nnection.waitForCommand
s(ClientServerConnectio
n.java:184)

	at py4j.ClientServerCo
nnection.run(ClientServ
erConnection.java:108)

	at java.base/java.lang
.Thread.run(Thread.java
:840)


SUCCESS: The process with PID 28912 (child process of PID 26312) has been terminated.
SUCCESS: The process with PID 26312 (child process of PID 10792) has been terminated.
SUCCESS: The process with PID 10792 (child process of PID 4268) has been terminated.
