python : WARNING: Using 
incubator modules: 
jdk.incubator.vector
At line:1 char:63
+ ... rse -Force; python sp
ark_processing/spark_stream
ing_processor.py > sp ...
+                 ~~~~~~~~~
~~~~~~~~~~~~~~~~~~~~~~~~~~~
~~~~~~~~~~~~~~~~~~~~~
    + CategoryInfo         
     : NotSpecified: (WAR  
  NING: Using ...ncubato   
 r.vector:String) [], R    
emoteException
    + FullyQualifiedErrorI 
   d : NativeCommandError
 
:: loading settings :: url 
= jar:file:/C:/Users/rohan/
AppData/Roaming/Python/Pyth
on314/site-packages/pyspark
/jars/ivy-2.5.3.jar!/org/ap
ache/ivy/core/settings/ivys
ettings.xml
Ivy Default Cache set to: C
:\Users\rohan\.ivy2.5.2\cac
he
The jars for the packages 
stored in: C:\Users\rohan\.
ivy2.5.2\jars
org.apache.spark#spark-sql-
kafka-0-10_2.13 added as a 
dependency
:: resolving dependencies 
:: org.apache.spark#spark-s
ubmit-parent-a98f10e0-53b0-
49b3-890d-aa4711ce0ca4;1.0
	confs: [default]
	found org.apache.spark#spa
rk-sql-kafka-0-10_2.13;4.1.
1 in central
	found org.apache.spark#spa
rk-token-provider-kafka-0-1
0_2.13;4.1.1 in central
	found org.apache.kafka#kaf
ka-clients;3.9.1 in central
	found 
org.lz4#lz4-java;1.8.0 in 
central
	found org.xerial.snappy#sn
appy-java;1.1.10.8 in 
central
	found 
org.slf4j#slf4j-api;2.0.17 
in central
	found org.apache.hadoop#ha
doop-client-runtime;3.4.2 
in central
	found org.apache.hadoop#ha
doop-client-api;3.4.2 in 
central
	found com.google.code.find
bugs#jsr305;3.0.0 in 
central
	found org.scala-lang.modul
es#scala-parallel-collectio
ns_2.13;1.2.0 in central
	found org.apache.commons#c
ommons-pool2;2.12.1 in 
central
:: resolution report :: 
resolve 543ms :: artifacts 
dl 208ms
	:: modules in use:
	com.google.code.findbugs#j
sr305;3.0.0 from central 
in [default]
	org.apache.commons#commons
-pool2;2.12.1 from central 
in [default]
	org.apache.hadoop#hadoop-c
lient-api;3.4.2 from 
central in [default]
	org.apache.hadoop#hadoop-c
lient-runtime;3.4.2 from 
central in [default]
	org.apache.kafka#kafka-cli
ents;3.9.1 from central in 
[default]
	org.apache.spark#spark-sql
-kafka-0-10_2.13;4.1.1 
from central in [default]
	org.apache.spark#spark-tok
en-provider-kafka-0-10_2.13
;4.1.1 from central in 
[default]
	org.lz4#lz4-java;1.8.0 
from central in [default]
	org.scala-lang.modules#sca
la-parallel-collections_2.1
3;1.2.0 from central in 
[default]
	
org.slf4j#slf4j-api;2.0.17 
from central in [default]
	org.xerial.snappy#snappy-j
ava;1.1.10.8 from central 
in [default]
	--------------------------
---------------------------
----------------
	|                  |      
      modules            
||   artifacts   |
	|       conf       | 
number| 
search|dwnlded|evicted|| 
number|dwnlded|
	--------------------------
---------------------------
----------------
	|      default     |   11 
 |   0   |   0   |   0   
||   11  |   0   |
	--------------------------
---------------------------
----------------
:: retrieving :: org.apache
.spark#spark-submit-parent-
a98f10e0-53b0-49b3-890d-aa4
711ce0ca4
	confs: [default]
	0 artifacts copied, 11 
already retrieved 
(0kB/33ms)
Using Spark's default 
log4j profile: org/apache/s
park/log4j2-defaults.proper
ties
Setting default log level 
to "WARN".
To adjust logging level 
use 
sc.setLogLevel(newLevel). 
For SparkR, use 
setLogLevel(newLevel).
26/03/09 13:59:45 WARN 
Utils: Service 'SparkUI' 
could not bind on port 
4040. Attempting port 4041.

[Stage 2:>                 
                           
            (0 + 8) / 200]

[Stage 2:>                 
                           
           (0 + 11) / 200]

[Stage 2:>                 
                           
           (1 + 11) / 200]

[Stage 2:=>                
                           
            (5 + 9) / 200]

[Stage 2:=>                
                           
            (7 + 8) / 200]

[Stage 2:==>               
                           
            (8 + 8) / 200]

[Stage 2:===>              
                           
           (12 + 8) / 200]

[Stage 2:===>              
                           
           (14 + 8) / 200]

[Stage 2:====>             
                           
           (16 + 8) / 200]

[Stage 2:=====>            
                           
           (18 + 8) / 200]

[Stage 2:=====>            
                           
           (20 + 9) / 200]

[Stage 2:======>           
                           
           (24 + 8) / 200]

[Stage 2:=======>          
                           
           (27 + 8) / 200]

[Stage 2:========>         
                           
           (32 + 8) / 200]

[Stage 2:=========>        
                           
           (33 + 8) / 200]

[Stage 2:===========>      
                           
           (40 + 8) / 200]

[Stage 2:===========>      
                           
           (41 + 8) / 200]

[Stage 2:============>     
                           
           (46 + 8) / 200]

[Stage 2:=============>    
                           
           (48 + 8) / 200]

[Stage 2:=============>    
                           
           (49 + 8) / 200]

[Stage 2:===============>  
                           
           (55 + 8) / 200]

[Stage 2:===============>  
                           
           (56 + 8) / 200]

[Stage 2:===============>  
                           
           (57 + 8) / 200]

[Stage 2:================> 
                           
           (60 + 8) / 200]

[Stage 
2:=================>       
                           
    (64 + 8) / 200]

[Stage 
2:==================>      
                           
    (65 + 8) / 200]

[Stage 
2:==================>      
                           
    (66 + 8) / 200]

[Stage 
2:===================>     
                           
    (68 + 8) / 200]

[Stage 
2:===================>     
                           
    (71 + 8) / 200]

[Stage 
2:====================>    
                           
    (72 + 8) / 200]

[Stage 
2:====================>    
                           
    (73 + 8) / 200]

[Stage 
2:====================>    
                           
    (74 + 8) / 200]

[Stage 
2:=====================>   
                           
    (76 + 8) / 200]

[Stage 
2:=====================>   
                           
    (77 + 8) / 200]

[Stage 
2:=====================>   
                           
    (77 + 9) / 200]

[Stage 
2:======================>  
                           
    (80 + 8) / 200]

[Stage 
2:======================>  
                           
    (82 + 8) / 200]

[Stage 
2:=======================> 
                           
    (83 + 8) / 200]

[Stage 
2:=======================> 
                           
    (85 + 8) / 200]

[Stage 2:==================
======>                    
           (88 + 8) / 200]

[Stage 2:==================
======>                    
           (89 + 8) / 200]

[Stage 2:==================
=======>                   
           (90 + 8) / 200]

[Stage 2:==================
=======>                   
           (92 + 8) / 200]

[Stage 2:==================
========>                  
           (93 + 8) / 200]

[Stage 2:==================
========>                  
           (96 + 8) / 200]

[Stage 2:==================
=========>                 
           (97 + 8) / 200]

[Stage 2:==================
=========>                 
           (98 + 8) / 200]

[Stage 2:==================
=========>                 
           (99 + 8) / 200]

[Stage 2:==================
=========>                 
          (100 + 8) / 200]

[Stage 2:==================
==========>                
          (102 + 8) / 200]

[Stage 2:==================
==========>                
          (103 + 8) / 200]

[Stage 2:==================
==========>                
          (104 + 8) / 200]

[Stage 2:==================
==========>                
          (105 + 8) / 200]

[Stage 2:==================
===========>               
          (106 + 8) / 200]

[Stage 2:==================
===========>               
          (107 + 8) / 200]

[Stage 2:==================
===========>               
          (108 + 8) / 200]

[Stage 2:==================
============>              
          (111 + 8) / 200]

[Stage 2:==================
============>              
          (112 + 8) / 200]

[Stage 2:==================
=============>             
          (113 + 8) / 200]

[Stage 2:==================
=============>             
          (114 + 8) / 200]

[Stage 2:==================
=============>             
          (115 + 8) / 200]

[Stage 2:==================
==============>            
          (117 + 8) / 200]

[Stage 2:==================
==============>            
          (119 + 8) / 200]

[Stage 2:==================
===============>           
          (120 + 8) / 200]

[Stage 2:==================
===============>           
          (121 + 8) / 200]

[Stage 2:==================
===============>           
          (122 + 8) / 200]

[Stage 2:==================
===============>           
          (123 + 8) / 200]

[Stage 2:==================
================>          
          (126 + 8) / 200]

[Stage 2:==================
=================>         
          (128 + 8) / 200]

[Stage 2:==================
=================>         
          (129 + 8) / 200]

[Stage 2:==================
=================>         
          (130 + 8) / 200]

[Stage 2:==================
==================>        
          (131 + 8) / 200]

[Stage 2:==================
==================>        
          (132 + 8) / 200]

[Stage 2:==================
==================>        
          (133 + 8) / 200]

[Stage 2:==================
===================>       
          (135 + 8) / 200]

[Stage 2:==================
===================>       
          (136 + 8) / 200]

[Stage 2:==================
===================>       
          (137 + 8) / 200]

[Stage 2:==================
===================>       
          (138 + 8) / 200]

[Stage 2:==================
====================>      
          (139 + 8) / 200]

[Stage 2:==================
====================>      
          (140 + 8) / 200]

[Stage 2:==================
=====================>     
          (142 + 8) / 200]

[Stage 2:==================
=====================>     
          (144 + 8) / 200]

[Stage 2:==================
======================>    
          (146 + 8) / 200]

[Stage 2:==================
======================>    
          (147 + 8) / 200]

[Stage 2:==================
=======================>   
          (150 + 8) / 200]

[Stage 2:==================
=======================>   
          (151 + 8) / 200]

[Stage 2:==================
=======================>   
          (152 + 8) / 200]

[Stage 2:==================
========================>  
          (153 + 8) / 200]

[Stage 2:==================
========================>  
          (154 + 8) / 200]

[Stage 2:==================
========================>  
          (155 + 8) / 200]

[Stage 2:==================
========================>  
          (156 + 8) / 200]

[Stage 2:==================
=========================> 
          (158 + 8) / 200]

[Stage 2:==================
==========================>
          (160 + 8) / 200]

[Stage 2:==================
==========================>
          (162 + 8) / 200]

[Stage 2:==================
==========================>
          (163 + 8) / 200]

[Stage 2:==================
===========================
>         (164 + 8) / 200]

[Stage 2:==================
===========================
>         (167 + 8) / 200]

[Stage 2:==================
===========================
=>        (168 + 8) / 200]

[Stage 2:==================
===========================
=>        (169 + 8) / 200]

[Stage 2:==================
===========================
=>        (170 + 8) / 200]

[Stage 2:==================
===========================
==>       (171 + 8) / 200]

[Stage 2:==================
===========================
==>       (172 + 8) / 200]

[Stage 2:==================
===========================
==>       (174 + 8) / 200]

[Stage 2:==================
===========================
===>      (176 + 8) / 200]

[Stage 2:==================
===========================
===>      (177 + 8) / 200]

[Stage 2:==================
===========================
===>      (178 + 8) / 200]

[Stage 2:==================
===========================
====>     (179 + 8) / 200]

[Stage 2:==================
===========================
====>     (180 + 8) / 200]

[Stage 2:==================
===========================
=====>    (184 + 8) / 200]

[Stage 2:==================
===========================
=====>    (185 + 8) / 200]

[Stage 2:==================
===========================
======>   (186 + 8) / 200]

[Stage 2:==================
===========================
======>   (187 + 8) / 200]

[Stage 2:==================
===========================
======>   (188 + 8) / 200]

[Stage 2:==================
===========================
=======>  (190 + 8) / 200]

[Stage 2:==================
===========================
=======>  (191 + 8) / 200]

[Stage 2:==================
===========================
=======>  (192 + 8) / 200]

[Stage 2:==================
===========================
========> (194 + 6) / 200]

[Stage 2:==================
===========================
========> (196 + 4) / 200]

[Stage 2:==================
===========================
=========>(197 + 3) / 200]

[Stage 2:==================
===========================
=========>(198 + 2) / 200]

[Stage 3:>                 
                           
              (0 + 1) / 1]

