python : WARNING: 
Using incubator 
modules: 
jdk.incubator.vector
At line:1 char:1
+ python spark_processi
ng/spark_processing.py 
> spark_error.log 2>&1
+ ~~~~~~~~~~~~~~~~~~~~~
~~~~~~~~~~~~~~~~~~~~~~~
~~~~~~~~~~~~~~~~~~~~~~
    + CategoryInfo     
         : NotSpecifi  
  ed: (WARNING: Usin   
 g ...ncubator.vect    
or:String) [], Rem    
oteException
    + FullyQualifiedEr 
   rorId : NativeComm  
  andError
 
26/03/08 22:19:52 WARN 
Shell: Did not find 
winutils.exe: java.io.F
ileNotFoundException: j
ava.io.FileNotFoundExce
ption: HADOOP_HOME and 
hadoop.home.dir are 
unset. -see https://cwi
ki.apache.org/confluenc
e/display/HADOOP2/Windo
wsProblems
Using Spark's default 
log4j profile: org/apac
he/spark/log4j2-default
s.properties
Setting default log 
level to "WARN".
To adjust logging 
level use sc.setLogLeve
l(newLevel). For 
SparkR, use 
setLogLevel(newLevel).
26/03/08 22:19:53 WARN 
NativeCodeLoader: 
Unable to load 
native-hadoop library 
for your platform... 
using builtin-java 
classes where 
applicable
============================================================
PySpark Supply Chain Data Processing Pipeline
============================================================

[Step 1] Loading data from CSV files...
Loading inventory data...
Loaded 0 inventory records
Loading sales data...
Loaded 0 sales records
Loading shipments data...
Loaded 0 shipment records

[Step 2] Cleaning missing values...

--- Cleaning Missing Values ---
Inventory: 0 -> 0 records after cleaning
Sales: 0 -> 0 records after cleaning
Shipments: 0 -> 0 records after cleaning

[Step 3] Calculating inventory days...

--- Calculating Inventory Days ---
Calculated inventory_days for 0 records

[Step 4] Detecting supplier delivery delays...

--- Detecting Supplier Delivery Delays ---
Detected 0 delayed shipments

[Step 5] Detecting demand spikes...

--- Detecting Demand Spikes ---
Detected 0 demand spikes

[Step 6] Joining datasets based on product_id...

--- Joining Datasets ---
Error during processing: [AMBIGUOUS_REFERENCE] Reference `avg_daily_sales` is ambiguous, could be: [`avg_daily_sales`, `avg_daily_sales`]. SQLSTATE: 42704
Traceback (most recent 
call last):
  File "C:\Users\rohan\
Desktop\AI-Supply-Chain
-Control-Tower\spark_pr
ocessing\spark_processi
ng.py", line 407, in 
<module>
    main()
    ~~~~^^
  File "C:\Users\rohan\
Desktop\AI-Supply-Chain
-Control-Tower\spark_pr
ocessing\spark_processi
ng.py", line 347, in 
main
    final_df = 
join_datasets(
        
inventory_with_days,
        
sales_with_spike,
        
shipments_with_delay
    )
  File "C:\Users\rohan\
Desktop\AI-Supply-Chain
-Control-Tower\spark_pr
ocessing\spark_processi
ng.py", line 266, in 
join_datasets
    joined_df = 
joined_df.fillna({
        
"avg_daily_sales": 0,
    ...<5 lines>...
        "is_delayed": 
False
    })
  File "C:\Users\rohan\
AppData\Roaming\Python\
Python314\site-packages
\pyspark\sql\classic\da
taframe.py", line 
1286, in fillna
    return DataFrame(se
lf._jdf.na().fill(value
), self.sparkSession)
                     ~~
~~~~~~~~~~~~~~~~~^^^^^^
^
  File "C:\Users\rohan\
AppData\Roaming\Python\
Python314\site-packages
\py4j\java_gateway.py",
 line 1362, in __call__
    return_value = 
get_return_value(
        answer, 
self.gateway_client, 
self.target_id, 
self.name)
  File "C:\Users\rohan\
AppData\Roaming\Python\
Python314\site-packages
\pyspark\errors\excepti
ons\captured.py", line 
269, in deco
    raise converted 
from None
pyspark.errors.exceptio
ns.captured.AnalysisExc
eption: 
[AMBIGUOUS_REFERENCE] 
Reference 
`avg_daily_sales` is 
ambiguous, could be: 
[`avg_daily_sales`, 
`avg_daily_sales`]. 
SQLSTATE: 42704
SUCCESS: The process with PID 18316 (child process of PID 11612) has been terminated.
SUCCESS: The process with PID 11612 (child process of PID 4008) has been terminated.
SUCCESS: The process with PID 4008 (child process of PID 26536) has been terminated.
