python : WARNING: Using 
incubator modules: 
jdk.incubator.vector
At line:1 char:1
+ python spark_processing/s
park_streaming_processor.py
 > spark_debug_3. ...
+ ~~~~~~~~~~~~~~~~~~~~~~~~~
~~~~~~~~~~~~~~~~~~~~~~~~~~~
~~~~~~~~~~~~~~~~~
    + CategoryInfo         
     : NotSpecified: (WAR  
  NING: Using ...ncubato   
 r.vector:String) [], R    
emoteException
    + FullyQualifiedErrorI 
   d : NativeCommandError
 
:: loading settings :: url 
= jar:file:/C:/Users/rohan/
AppData/Roaming/Python/Pyth
on314/site-packages/pyspark
/jars/ivy-2.5.3.jar!/org/ap
ache/ivy/core/settings/ivys
ettings.xml
Ivy Default Cache set to: C
:\Users\rohan\.ivy2.5.2\cac
he
The jars for the packages 
stored in: C:\Users\rohan\.
ivy2.5.2\jars
org.apache.spark#spark-sql-
kafka-0-10_2.12 added as a 
dependency
:: resolving dependencies 
:: org.apache.spark#spark-s
ubmit-parent-ae2508cd-18b7-
4cb6-b8c2-2fcf74331ef2;1.0
	confs: [default]
	found org.apache.spark#spa
rk-sql-kafka-0-10_2.12;3.5.
0 in central
	found org.apache.spark#spa
rk-token-provider-kafka-0-1
0_2.12;3.5.0 in central
	found org.apache.kafka#kaf
ka-clients;3.4.1 in central
	found 
org.lz4#lz4-java;1.8.0 in 
central
	found org.xerial.snappy#sn
appy-java;1.1.10.3 in 
central
	found 
org.slf4j#slf4j-api;2.0.7 
in central
	found org.apache.hadoop#ha
doop-client-runtime;3.3.4 
in central
	found org.apache.hadoop#ha
doop-client-api;3.3.4 in 
central
	found commons-logging#comm
ons-logging;1.1.3 in 
central
	found com.google.code.find
bugs#jsr305;3.0.0 in 
central
	found org.apache.commons#c
ommons-pool2;2.11.1 in 
central
:: resolution report :: 
resolve 430ms :: artifacts 
dl 31ms
	:: modules in use:
	com.google.code.findbugs#j
sr305;3.0.0 from central 
in [default]
	commons-logging#commons-lo
gging;1.1.3 from central 
in [default]
	org.apache.commons#commons
-pool2;2.11.1 from central 
in [default]
	org.apache.hadoop#hadoop-c
lient-api;3.3.4 from 
central in [default]
	org.apache.hadoop#hadoop-c
lient-runtime;3.3.4 from 
central in [default]
	org.apache.kafka#kafka-cli
ents;3.4.1 from central in 
[default]
	org.apache.spark#spark-sql
-kafka-0-10_2.12;3.5.0 
from central in [default]
	org.apache.spark#spark-tok
en-provider-kafka-0-10_2.12
;3.5.0 from central in 
[default]
	org.lz4#lz4-java;1.8.0 
from central in [default]
	org.slf4j#slf4j-api;2.0.7 
from central in [default]
	org.xerial.snappy#snappy-j
ava;1.1.10.3 from central 
in [default]
	--------------------------
---------------------------
----------------
	|                  |      
      modules            
||   artifacts   |
	|       conf       | 
number| 
search|dwnlded|evicted|| 
number|dwnlded|
	--------------------------
---------------------------
----------------
	|      default     |   11 
 |   0   |   0   |   0   
||   11  |   0   |
	--------------------------
---------------------------
----------------
:: retrieving :: org.apache
.spark#spark-submit-parent-
ae2508cd-18b7-4cb6-b8c2-2fc
f74331ef2
	confs: [default]
	0 artifacts copied, 11 
already retrieved 
(0kB/15ms)
26/03/08 23:31:14 WARN 
NativeCodeLoader: Unable 
to load native-hadoop 
library for your 
platform... using 
builtin-java classes where 
applicable
Using Spark's default 
log4j profile: org/apache/s
park/log4j2-defaults.proper
ties
Setting default log level 
to "WARN".
To adjust logging level 
use 
sc.setLogLevel(newLevel). 
For SparkR, use 
setLogLevel(newLevel).
Traceback (most recent 
call last):
  File "C:\Users\rohan\Desk
top\AI-Supply-Chain-Control
-Tower\spark_processing\spa
rk_streaming_processor.py",
 line 110, in <module>
    main()
    ~~~~^^
  File "C:\Users\rohan\Desk
top\AI-Supply-Chain-Control
-Tower\spark_processing\spa
rk_streaming_processor.py",
 line 73, in main
    .load()
     ~~~~^^
  File "C:\Users\rohan\AppD
ata\Roaming\Python\Python31
4\site-packages\pyspark\sql
\streaming\readwriter.py", 
line 307, in load
    return self._df(self._j
reader.load())
                    
~~~~~~~~~~~~~~~~~~^^
  File "C:\Users\rohan\AppD
ata\Roaming\Python\Python31
4\site-packages\py4j\java_g
ateway.py", line 1362, in 
__call__
    return_value = 
get_return_value(
        answer, 
self.gateway_client, 
self.target_id, self.name)
  File "C:\Users\rohan\AppD
ata\Roaming\Python\Python31
4\site-packages\pyspark\err
ors\exceptions\captured.py"
, line 263, in deco
    return f(*a, **kw)
  File "C:\Users\rohan\AppD
ata\Roaming\Python\Python31
4\site-packages\py4j\protoc
ol.py", line 327, in 
get_return_value
    raise Py4JJavaError(
        "An error occurred 
while calling 
{0}{1}{2}.\n".
        format(target_id, 
".", name), value)
py4j.protocol.Py4JJavaError
: An error occurred while 
calling o38.load.
: java.lang.NoSuchMethodErr
or: 'scala.collection.mutab
le.WrappedArray scala.Prede
f$.wrapRefArray(java.lang.O
bject[])'

	at org.apache.spark.sql.ka
fka010.KafkaSourceProvider$
.<init>(KafkaSourceProvider
.scala:545)

	at org.apache.spark.sql.ka
fka010.KafkaSourceProvider$
.<clinit>(KafkaSourceProvid
er.scala)

	at org.apache.spark.sql.ka
fka010.KafkaSourceProvider.
org$apache$spark$sql$kafka0
10$KafkaSourceProvider$$val
idateStreamOptions(KafkaSou
rceProvider.scala:338)

	at org.apache.spark.sql.ka
fka010.KafkaSourceProvider.
sourceSchema(KafkaSourcePro
vider.scala:71)

	at org.apache.spark.sql.ex
ecution.datasources.DataSou
rce.sourceSchema(DataSource
.scala:247)

	at org.apache.spark.sql.ex
ecution.datasources.DataSou
rce.sourceInfo$lzycompute(D
ataSource.scala:132)

	at org.apache.spark.sql.ex
ecution.datasources.DataSou
rce.sourceInfo(DataSource.s
cala:132)

	at org.apache.spark.sql.ex
ecution.streaming.runtime.S
treamingRelation$.apply(Str
eamingRelation.scala:38)

	at org.apache.spark.sql.ca
talyst.analysis.ResolveData
Source$$anonfun$apply$1.app
lyOrElse(ResolveDataSource.
scala:86)

	at org.apache.spark.sql.ca
talyst.analysis.ResolveData
Source$$anonfun$apply$1.app
lyOrElse(ResolveDataSource.
scala:45)

	at org.apache.spark.sql.ca
talyst.plans.logical.Analys
isHelper.$anonfun$resolveOp
eratorsUpWithPruning$3(Anal
ysisHelper.scala:139)

	at org.apache.spark.sql.ca
talyst.trees.CurrentOrigin$
.withOrigin(origin.scala:10
7)

	at org.apache.spark.sql.ca
talyst.plans.logical.Analys
isHelper.$anonfun$resolveOp
eratorsUpWithPruning$1(Anal
ysisHelper.scala:139)

	at org.apache.spark.sql.ca
talyst.plans.logical.Analys
isHelper$.allowInvokingTran
sformsInAnalyzer(AnalysisHe
lper.scala:416)

	at org.apache.spark.sql.ca
talyst.plans.logical.Analys
isHelper.resolveOperatorsUp
WithPruning(AnalysisHelper.
scala:135)

	at org.apache.spark.sql.ca
talyst.plans.logical.Analys
isHelper.resolveOperatorsUp
WithPruning$(AnalysisHelper
.scala:131)

	at org.apache.spark.sql.ca
talyst.plans.logical.Logica
lPlan.resolveOperatorsUpWit
hPruning(LogicalPlan.scala:
37)

	at org.apache.spark.sql.ca
talyst.plans.logical.Analys
isHelper.resolveOperatorsUp
(AnalysisHelper.scala:112)

	at org.apache.spark.sql.ca
talyst.plans.logical.Analys
isHelper.resolveOperatorsUp
$(AnalysisHelper.scala:111)

	at org.apache.spark.sql.ca
talyst.plans.logical.Logica
lPlan.resolveOperatorsUp(Lo
gicalPlan.scala:37)

	at org.apache.spark.sql.ca
talyst.analysis.ResolveData
Source.apply(ResolveDataSou
rce.scala:45)

	at org.apache.spark.sql.ca
talyst.analysis.ResolveData
Source.apply(ResolveDataSou
rce.scala:43)

	at org.apache.spark.sql.ca
talyst.rules.RuleExecutor.$
anonfun$execute$2(RuleExecu
tor.scala:248)

	at scala.collection.Linear
SeqOps.foldLeft(LinearSeq.s
cala:183)

	at scala.collection.Linear
SeqOps.foldLeft$(LinearSeq.
scala:179)

	at scala.collection.immuta
ble.List.foldLeft(List.scal
a:79)

	at org.apache.spark.sql.ca
talyst.rules.RuleExecutor.$
anonfun$execute$1(RuleExecu
tor.scala:245)

	at org.apache.spark.sql.ca
talyst.rules.RuleExecutor.$
anonfun$execute$1$adapted(R
uleExecutor.scala:237)

	at scala.collection.immuta
ble.List.foreach(List.scala
:323)

	at org.apache.spark.sql.ca
talyst.rules.RuleExecutor.e
xecute(RuleExecutor.scala:2
37)

	at org.apache.spark.sql.ca
talyst.analysis.Analyzer.or
g$apache$spark$sql$catalyst
$analysis$Analyzer$$execute
SameContext(Analyzer.scala:
343)

	at org.apache.spark.sql.ca
talyst.analysis.Analyzer.$a
nonfun$execute$1(Analyzer.s
cala:339)

	at org.apache.spark.sql.ca
talyst.analysis.AnalysisCon
text$.withNewAnalysisContex
t(Analyzer.scala:224)

	at org.apache.spark.sql.ca
talyst.analysis.Analyzer.ex
ecute(Analyzer.scala:339)

	at org.apache.spark.sql.ca
talyst.analysis.Analyzer.ex
ecute(Analyzer.scala:289)

	at org.apache.spark.sql.ca
talyst.rules.RuleExecutor.$
anonfun$executeAndTrack$1(R
uleExecutor.scala:207)

	at org.apache.spark.sql.ca
talyst.QueryPlanningTracker
$.withTracker(QueryPlanning
Tracker.scala:89)

	at org.apache.spark.sql.ca
talyst.rules.RuleExecutor.e
xecuteAndTrack(RuleExecutor
.scala:207)

	at org.apache.spark.sql.ca
talyst.analysis.resolver.Hy
bridAnalyzer.resolveInFixed
Point(HybridAnalyzer.scala:
236)

	at org.apache.spark.sql.ca
talyst.analysis.resolver.Hy
bridAnalyzer.$anonfun$apply
$1(HybridAnalyzer.scala:91)

	at org.apache.spark.sql.ca
talyst.analysis.resolver.Hy
bridAnalyzer.withTrackedAna
lyzerBridgeState(HybridAnal
yzer.scala:122)

	at org.apache.spark.sql.ca
talyst.analysis.resolver.Hy
bridAnalyzer.apply(HybridAn
alyzer.scala:84)

	at org.apache.spark.sql.ca
talyst.analysis.Analyzer.$a
nonfun$executeAndCheck$1(An
alyzer.scala:322)

	at org.apache.spark.sql.ca
talyst.plans.logical.Analys
isHelper$.markInAnalyzer(An
alysisHelper.scala:423)

	at org.apache.spark.sql.ca
talyst.analysis.Analyzer.ex
ecuteAndCheck(Analyzer.scal
a:322)

	at org.apache.spark.sql.ex
ecution.QueryExecution.$ano
nfun$lazyAnalyzed$2(QueryEx
ecution.scala:139)

	at org.apache.spark.sql.ca
talyst.QueryPlanningTracker
.measurePhase(QueryPlanning
Tracker.scala:148)

	at org.apache.spark.sql.ex
ecution.QueryExecution.$ano
nfun$executePhase$2(QueryEx
ecution.scala:330)

	at org.apache.spark.sql.ex
ecution.QueryExecution$.wit
hInternalError(QueryExecuti
on.scala:717)

	at org.apache.spark.sql.ex
ecution.QueryExecution.$ano
nfun$executePhase$1(QueryEx
ecution.scala:330)

	at org.apache.spark.sql.Sp
arkSession.withActive(Spark
Session.scala:804)

	at org.apache.spark.sql.ex
ecution.QueryExecution.exec
utePhase(QueryExecution.sca
la:329)

	at org.apache.spark.sql.ex
ecution.QueryExecution.$ano
nfun$lazyAnalyzed$1(QueryEx
ecution.scala:139)

	at scala.util.Try$.apply(T
ry.scala:217)

	at org.apache.spark.util.U
tils$.doTryWithCallerStackt
race(Utils.scala:1392)

	at org.apache.spark.util.L
azyTry.tryT$lzycompute(Lazy
Try.scala:46)

	at org.apache.spark.util.L
azyTry.tryT(LazyTry.scala:4
6)

	at org.apache.spark.util.L
azyTry.get(LazyTry.scala:58
)

	at org.apache.spark.sql.ex
ecution.QueryExecution.anal
yzed(QueryExecution.scala:1
50)

	at org.apache.spark.sql.ex
ecution.QueryExecution.asse
rtAnalyzed(QueryExecution.s
cala:90)

	at org.apache.spark.sql.cl
assic.Dataset$.$anonfun$ofR
ows$1(Dataset.scala:114)

	at org.apache.spark.sql.Sp
arkSession.withActive(Spark
Session.scala:804)

	at org.apache.spark.sql.cl
assic.Dataset$.ofRows(Datas
et.scala:112)

	at org.apache.spark.sql.cl
assic.DataStreamReader.load
Internal(DataStreamReader.s
cala:81)

	at org.apache.spark.sql.cl
assic.DataStreamReader.load
(DataStreamReader.scala:71)

	at org.apache.spark.sql.cl
assic.DataStreamReader.load
(DataStreamReader.scala:41)

	at java.base/jdk.internal.
reflect.NativeMethodAccesso
rImpl.invoke0(Native 
Method)

	at java.base/jdk.internal.
reflect.NativeMethodAccesso
rImpl.invoke(NativeMethodAc
cessorImpl.java:77)

	at java.base/jdk.internal.
reflect.DelegatingMethodAcc
essorImpl.invoke(Delegating
MethodAccessorImpl.java:43)

	at java.base/java.lang.ref
lect.Method.invoke(Method.j
ava:569)

	at py4j.reflection.MethodI
nvoker.invoke(MethodInvoker
.java:244)

	at py4j.reflection.Reflect
ionEngine.invoke(Reflection
Engine.java:374)

	at py4j.Gateway.invoke(Gat
eway.java:282)

	at py4j.commands.AbstractC
ommand.invokeMethod(Abstrac
tCommand.java:132)

	at py4j.commands.CallComma
nd.execute(CallCommand.java
:79)

	at py4j.ClientServerConnec
tion.waitForCommands(Client
ServerConnection.java:184)

	at py4j.ClientServerConnec
tion.run(ClientServerConnec
tion.java:108)

	at java.base/java.lang.Thr
ead.run(Thread.java:840)


SUCCESS: The process with PID 3904 (child process of PID 6056) has been terminated.
SUCCESS: The process with PID 6056 (child process of PID 2496) has been terminated.
SUCCESS: The process with PID 2496 (child process of PID 19228) has been terminated.
